Microchip MPLAB XC8 Compiler V2.30

Linker command line:

-W-3 --edf=C:\Program Files\Microchip\xc8\v2.30\pic\dat\en_msgs.txt -cn \
  -h+dist/default/production\DS3231.X.production.sym \
  --cmf=dist/default/production\DS3231.X.production.cmf -z -Q16F1827 \
  -oC:\Users\dexte\AppData\Local\Temp\s1jgx2 --defsym=__MPLAB_BUILD=1 \
  -Mdist/default/production/DS3231.X.production.map -E1 -ver=XC8 Compiler \
  --acfsm=1493 -ASTACK=02025h-0216Fh -pstack=STACK -ACODE=00h-07FFhx2 \
  -ASTRCODE=00h-0FFFh -ASTRING=00h-0FFhx16 -ACONST=00h-0FFhx16 \
  -AENTRY=00h-0FFhx16 -ACOMMON=070h-07Fh -ABANK0=020h-06Fh \
  -ABANK1=0A0h-0EFh -ABANK2=0120h-016Fh -ABANK3=01A0h-01EFh \
  -ABANK4=0220h-024Fh -ABIGRAM=02000h-0216Fh \
  -ARAM=020h-06Fh,0A0h-0EFh,0120h-016Fh,01A0h-01EFh,0220h-024Fh \
  -AABS1=020h-07Fh,0A0h-0EFh,0120h-016Fh,01A0h-01EFh,0220h-024Fh \
  -ASFR0=00h-01Fh -ASFR1=080h-09Fh -ASFR2=0100h-011Fh -ASFR3=0180h-019Fh \
  -ASFR4=0200h-021Fh -ASFR5=0280h-02EFh -ASFR6=0300h-036Fh \
  -ASFR7=0380h-03EFh -ASFR8=0400h-046Fh -ASFR9=0480h-04EFh \
  -ASFR10=0500h-056Fh -ASFR11=0580h-05EFh -ASFR12=0600h-066Fh \
  -ASFR13=0680h-06EFh -ASFR14=0700h-076Fh -ASFR15=0780h-07EFh \
  -ASFR16=0800h-086Fh -ASFR17=0880h-08EFh -ASFR18=0900h-096Fh \
  -ASFR19=0980h-09EFh -ASFR20=0A00h-0A6Fh -ASFR21=0A80h-0AEFh \
  -ASFR22=0B00h-0B6Fh -ASFR23=0B80h-0BEFh -ASFR24=0C00h-0C6Fh \
  -ASFR25=0C80h-0CEFh -ASFR26=0D00h-0D6Fh -ASFR27=0D80h-0DEFh \
  -ASFR28=0E00h-0E6Fh -ASFR29=0E80h-0EEFh -ASFR30=0F00h-0F6Fh \
  -ASFR31=0F80h-0FEFh -ACONFIG=08007h-08008h -DCONFIG=2 \
  -AIDLOC=08000h-08003h -DIDLOC=2 -AEEDATA=00h-0FFh/0F000h \
  -peeprom_data=EEDATA -DEEDATA=2 -DCODE=2 -DSTRCODE=2 -DSTRING=2 -DCONST=2 \
  -DENTRY=2 -preset_vec=00h,intentry,init,end_init -ppowerup=CODE \
  -pcinit=CODE -pfunctab=ENTRY -k \
  C:\Users\dexte\AppData\Local\Temp\s1jgxg.o \
  dist/default/production\DS3231.X.production.o 

Object code version is 3.11

Machine type is 16F1827



                Name                               Link     Load   Length Selector   Space Scale
C:\Users\dexte\AppData\Local\Temp\s1jgxg.o
                end_init                              2        2        2        0       0
                reset_vec                             0        0        2        0       0
                config                             8007     8007        2        0       4
dist/default/production\DS3231.X.production.o
                cinit                               7EC      7EC       14      FD8       0
                config                             8007     8007        2        0       4
                text26                              433      433        7      866       0
                text25                              4DF      4DF       17      9BE       0
                text24                              429      429        4      852       0
                text23                              45B      45B        A      8B6       0
                text22                              4CA      4CA       15      994       0
                text21                              4B6      4B6       14      96C       0
                text20                              479      479        C      8F2       0
                text19                              465      465        A      8CA       0
                text18                              46F      46F        A      8DE       0
                text17                              43A      43A        7      874       0
                text16                              4F6      4F6       17      9EC       0
                text15                              493      493       10      926       0
                text14                              50D      50D       22      A1A       0
                text13                              5D6      5D6       46      BAC       0
                text12                              6B7      6B7       5F      D6E       0
                text11                              664      664       53      CC8       0
                text10                              441      441        8      882       0
                text9                               449      449        9      892       0
                text8                               452      452        9      8A4       0
                text7                               428      428        1      850       0
                text6                               597      597       3F      B2E       0
                text5                               55D      55D       3A      ABA       0
                text4                               776      776       76      EEC       0
                text3                               4A3      4A3       13      946       0
                text2                               52F      52F       2E      A5E       0
                text1                               716      716       60      E2C       0
                maintext                            61C      61C       48      C38       0
                cstackBANK0                          20       20       13       20       1
                cstackCOMMON                         70       70        D       70       1
                inittext                            42D      42D        6      85A       0
                dataBANK0                            33       33        E       20       1
                bssBANK0                             41       41        4       20       1
                bssCOMMON                            7D       7D        1       70       1
                idataBANK0                          485      485        E      90A       0

TOTAL           Name                               Link     Load   Length     Space
        CLASS   STACK          

        CLASS   CODE           
                end_init                              2        2        2         0
                cinit                               7EC      7EC       14         0
                reset_vec                             0        0        2         0
                text26                              433      433        7         0
                text25                              4DF      4DF       17         0
                text24                              429      429        4         0
                text23                              45B      45B        A         0
                text22                              4CA      4CA       15         0
                text21                              4B6      4B6       14         0
                text20                              479      479        C         0
                text19                              465      465        A         0
                text18                              46F      46F        A         0
                text17                              43A      43A        7         0
                text16                              4F6      4F6       17         0
                text15                              493      493       10         0
                text14                              50D      50D       22         0
                text13                              5D6      5D6       46         0
                text12                              6B7      6B7       5F         0
                text11                              664      664       53         0
                text10                              441      441        8         0
                text9                               449      449        9         0
                text8                               452      452        9         0
                text7                               428      428        1         0
                text6                               597      597       3F         0
                text5                               55D      55D       3A         0
                text4                               776      776       76         0
                text3                               4A3      4A3       13         0
                text2                               52F      52F       2E         0
                text1                               716      716       60         0
                maintext                            61C      61C       48         0
                inittext                            42D      42D        6         0
                idataBANK0                          485      485        E         0

        CLASS   STRCODE        

        CLASS   STRING         

        CLASS   CONST          

        CLASS   ENTRY          

        CLASS   COMMON         
                cstackCOMMON                         70       70        D         1
                bssCOMMON                            7D       7D        1         1

        CLASS   BANK0          
                cstackBANK0                          20       20       13         1
                dataBANK0                            33       33        E         1
                bssBANK0                             41       41        4         1

        CLASS   BANK1          

        CLASS   BANK2          

        CLASS   BANK3          

        CLASS   BANK4          

        CLASS   BIGRAM         

        CLASS   RAM            

        CLASS   ABS1           
                abs_s1                               7E       7E        2         1

        CLASS   SFR0           

        CLASS   SFR1           

        CLASS   SFR2           

        CLASS   SFR3           

        CLASS   SFR4           

        CLASS   SFR5           

        CLASS   SFR6           

        CLASS   SFR7           

        CLASS   SFR8           

        CLASS   SFR9           

        CLASS   SFR10          

        CLASS   SFR11          

        CLASS   SFR12          

        CLASS   SFR13          

        CLASS   SFR14          

        CLASS   SFR15          

        CLASS   SFR16          

        CLASS   SFR17          

        CLASS   SFR18          

        CLASS   SFR19          

        CLASS   SFR20          

        CLASS   SFR21          

        CLASS   SFR22          

        CLASS   SFR23          

        CLASS   SFR24          

        CLASS   SFR25          

        CLASS   SFR26          

        CLASS   SFR27          

        CLASS   SFR28          

        CLASS   SFR29          

        CLASS   SFR30          

        CLASS   SFR31          

        CLASS   CONFIG         
                config                             8007     8007        2         4

        CLASS   IDLOC          

        CLASS   EEDATA         

        CLASS   BANK31         

        CLASS   BANK30         

        CLASS   BANK29         

        CLASS   BANK28         

        CLASS   BANK27         

        CLASS   BANK26         

        CLASS   BANK25         

        CLASS   BANK24         

        CLASS   BANK23         

        CLASS   BANK22         

        CLASS   BANK21         

        CLASS   BANK20         

        CLASS   BANK19         

        CLASS   BANK18         

        CLASS   BANK17         

        CLASS   BANK16         

        CLASS   BANK15         

        CLASS   BANK14         

        CLASS   BANK13         

        CLASS   BANK12         

        CLASS   BANK11         

        CLASS   BANK10         

        CLASS   BANK9          

        CLASS   BANK8          

        CLASS   BANK7          

        CLASS   BANK6          

        CLASS   BANK5          



SEGMENTS        Name                           Load    Length   Top    Selector   Space  Class     Delta

                reset_vec                      000000  000004  000004         0       0  CODE        2
                cstackBANK0                    000020  000025  000045        20       1  BANK0       1
                cstackCOMMON                   000070  00000E  00007E        70       1  COMMON      1
                text7                          000428  000001  000429       850       0  CODE        2
                text24                         000429  000004  00042D       852       0  CODE        2
                inittext                       00042D  000006  000433       85A       0  CODE        2
                text26                         000433  000007  00043A       866       0  CODE        2
                text17                         00043A  000007  000441       874       0  CODE        2
                text10                         000441  000008  000449       882       0  CODE        2
                text9                          000449  000009  000452       892       0  CODE        2
                text8                          000452  000009  00045B       8A4       0  CODE        2
                text23                         00045B  00000A  000465       8B6       0  CODE        2
                text19                         000465  00000A  00046F       8CA       0  CODE        2
                text18                         00046F  00000A  000479       8DE       0  CODE        2
                text20                         000479  00000C  000485       8F2       0  CODE        2
                idataBANK0                     000485  00000E  000493       90A       0  CODE        2
                text15                         000493  000010  0004A3       926       0  CODE        2
                text3                          0004A3  000013  0004B6       946       0  CODE        2
                text21                         0004B6  000014  0004CA       96C       0  CODE        2
                text22                         0004CA  000015  0004DF       994       0  CODE        2
                text25                         0004DF  000017  0004F6       9BE       0  CODE        2
                text16                         0004F6  000017  00050D       9EC       0  CODE        2
                text14                         00050D  000022  00052F       A1A       0  CODE        2
                text2                          00052F  00002E  00055D       A5E       0  CODE        2
                text5                          00055D  00003A  000597       ABA       0  CODE        2
                text6                          000597  00003F  0005D6       B2E       0  CODE        2
                text13                         0005D6  000046  00061C       BAC       0  CODE        2
                maintext                       00061C  000048  000664       C38       0  CODE        2
                text11                         000664  000053  0006B7       CC8       0  CODE        2
                text12                         0006B7  00005F  000716       D6E       0  CODE        2
                text1                          000716  000060  000776       E2C       0  CODE        2
                text4                          000776  000076  0007EC       EEC       0  CODE        2
                cinit                          0007EC  000014  000800       FD8       0  CODE        2


UNUSED ADDRESS RANGES

        Name                Unused          Largest block    Delta
        BANK0            00045-0006F              2B           1
        BANK1            000A0-000EF              50           1
        BANK2            00120-0016F              50           1
        BANK3            001A0-001EF              50           1
        BANK4            00220-0024F              30           1
        BIGRAM           02000-0216F             170           1
        CODE             00004-00427             424           2
                         00800-00FFF             800
        CONST            00004-00427             100           2
                         00800-00FFF             100
        EEDATA           0F000-0F0FF             100           2
        ENTRY            00004-00427             100           2
                         00800-00FFF             100
        IDLOC            08000-08003               4           2
        RAM              00045-0006F              2B           1
                         000A0-000EF              50
                         00120-0016F              50
                         001A0-001EF              50
                         00220-0024F              30
        SFR0             00000-0001F              20           1
        SFR1             00080-0009F              20           1
        SFR10            00500-0056F              70           1
        SFR11            00580-005EF              70           1
        SFR12            00600-0066F              70           1
        SFR13            00680-006EF              70           1
        SFR14            00700-0076F              70           1
        SFR15            00780-007EF              70           1
        SFR16            00800-0086F              70           1
        SFR17            00880-008EF              70           1
        SFR18            00900-0096F              70           1
        SFR19            00980-009EF              70           1
        SFR2             00100-0011F              20           1
        SFR20            00A00-00A6F              70           1
        SFR21            00A80-00AEF              70           1
        SFR22            00B00-00B6F              70           1
        SFR23            00B80-00BEF              70           1
        SFR24            00C00-00C6F              70           1
        SFR25            00C80-00CEF              70           1
        SFR26            00D00-00D6F              70           1
        SFR27            00D80-00DEF              70           1
        SFR28            00E00-00E6F              70           1
        SFR29            00E80-00EEF              70           1
        SFR3             00180-0019F              20           1
        SFR30            00F00-00F6F              70           1
        SFR31            00F80-00FEF              70           1
        SFR4             00200-0021F              20           1
        SFR5             00280-002EF              70           1
        SFR6             00300-0036F              70           1
        SFR7             00380-003EF              70           1
        SFR8             00400-0046F              70           1
        SFR9             00480-004EF              70           1
        STACK            02025-0216F             14B           1
        STRCODE          00004-00427             424           2
                         00800-00FFF             800
        STRING           00004-00427             100           2
                         00800-00FFF             100

                                  Symbol Table

?___awdiv                        cstackCOMMON 00070
?___awmod                        cstackCOMMON 00070
_ANSELA                          (abs)        0018C
_ANSELB                          (abs)        0018D
_APFCON0                         (abs)        0011D
_APFCON1                         (abs)        0011E
_BORCON                          (abs)        00116
_LATA                            (abs)        0010C
_LATAbits                        (abs)        0010C
_LATB                            (abs)        0010D
_OPTION_REGbits                  (abs)        00095
_OSCCON                          (abs)        00099
_OSCILLATOR_Initialize           text26       00433
_OSCTUNE                         (abs)        00098
_PIN_MANAGER_Initialize          text25       004DF
_PORTAbits                       (abs)        0000C
_SSP2ADD                         (abs)        0021A
_SSP2BUF                         (abs)        00219
_SSP2CON1                        (abs)        0021D
_SSP2CON1bits                    (abs)        0021D
_SSP2CON2                        (abs)        0021E
_SSP2CON2bits                    (abs)        0021E
_SSP2STAT                        (abs)        0021C
_SSP2STATbits                    (abs)        0021C
_SYSTEM_Initialize               text23       0045B
_TRISA                           (abs)        0008C
_TRISAbits                       (abs)        0008C
_TRISB                           (abs)        0008D
_TRISB2                          (abs)        0046A
_TRISB5                          (abs)        0046D
_WDTCON                          (abs)        00097
_WDT_Initialize                  text24       00429
_WPUA                            (abs)        0020C
_WPUB                            (abs)        0020D
__Habs1                          abs1         00000
__Hbank0                         bank0        00000
__Hbank1                         bank1        00000
__Hbank10                        bank10       00000
__Hbank11                        bank11       00000
__Hbank12                        bank12       00000
__Hbank13                        bank13       00000
__Hbank14                        bank14       00000
__Hbank15                        bank15       00000
__Hbank16                        bank16       00000
__Hbank17                        bank17       00000
__Hbank18                        bank18       00000
__Hbank19                        bank19       00000
__Hbank2                         bank2        00000
__Hbank20                        bank20       00000
__Hbank21                        bank21       00000
__Hbank22                        bank22       00000
__Hbank23                        bank23       00000
__Hbank24                        bank24       00000
__Hbank25                        bank25       00000
__Hbank26                        bank26       00000
__Hbank27                        bank27       00000
__Hbank28                        bank28       00000
__Hbank29                        bank29       00000
__Hbank3                         bank3        00000
__Hbank30                        bank30       00000
__Hbank31                        bank31       00000
__Hbank4                         bank4        00000
__Hbank5                         bank5        00000
__Hbank6                         bank6        00000
__Hbank7                         bank7        00000
__Hbank8                         bank8        00000
__Hbank9                         bank9        00000
__Hbigram                        bigram       00000
__HbssBANK0                      bssBANK0     00000
__HbssCOMMON                     bssCOMMON    00000
__Hcinit                         cinit        00800
__Hclrtext                       clrtext      00000
__Hcode                          code         00000
__Hcommon                        common       00000
__Hconfig                        config       08009
__HcstackBANK0                   cstackBANK0  00000
__HcstackCOMMON                  cstackCOMMON 00000
__HdataBANK0                     dataBANK0    00000
__Heeprom_data                   eeprom_data  00000
__Hend_init                      end_init     00004
__Hfunctab                       functab      00000
__HidataBANK0                    idataBANK0   00000
__Hinit                          init         00002
__Hinittext                      inittext     00000
__Hintentry                      intentry     00002
__Hmaintext                      maintext     00000
__Hpowerup                       powerup      00000
__Hram                           ram          00000
__Hreset_vec                     reset_vec    00002
__Hsfr0                          sfr0         00000
__Hsfr1                          sfr1         00000
__Hsfr10                         sfr10        00000
__Hsfr11                         sfr11        00000
__Hsfr12                         sfr12        00000
__Hsfr13                         sfr13        00000
__Hsfr14                         sfr14        00000
__Hsfr15                         sfr15        00000
__Hsfr16                         sfr16        00000
__Hsfr17                         sfr17        00000
__Hsfr18                         sfr18        00000
__Hsfr19                         sfr19        00000
__Hsfr2                          sfr2         00000
__Hsfr20                         sfr20        00000
__Hsfr21                         sfr21        00000
__Hsfr22                         sfr22        00000
__Hsfr23                         sfr23        00000
__Hsfr24                         sfr24        00000
__Hsfr25                         sfr25        00000
__Hsfr26                         sfr26        00000
__Hsfr27                         sfr27        00000
__Hsfr28                         sfr28        00000
__Hsfr29                         sfr29        00000
__Hsfr3                          sfr3         00000
__Hsfr30                         sfr30        00000
__Hsfr31                         sfr31        00000
__Hsfr4                          sfr4         00000
__Hsfr5                          sfr5         00000
__Hsfr6                          sfr6         00000
__Hsfr7                          sfr7         00000
__Hsfr8                          sfr8         00000
__Hsfr9                          sfr9         00000
__Hspace_0                       (abs)        00800
__Hspace_1                       (abs)        0007E
__Hspace_2                       (abs)        00000
__Hspace_3                       (abs)        00000
__Hspace_4                       (abs)        10010
__Hstack                         stack        00000
__Hstrings                       strings      00000
__Htext                          text         00000
__Labs1                          abs1         00000
__Lbank0                         bank0        00000
__Lbank1                         bank1        00000
__Lbank10                        bank10       00000
__Lbank11                        bank11       00000
__Lbank12                        bank12       00000
__Lbank13                        bank13       00000
__Lbank14                        bank14       00000
__Lbank15                        bank15       00000
__Lbank16                        bank16       00000
__Lbank17                        bank17       00000
__Lbank18                        bank18       00000
__Lbank19                        bank19       00000
__Lbank2                         bank2        00000
__Lbank20                        bank20       00000
__Lbank21                        bank21       00000
__Lbank22                        bank22       00000
__Lbank23                        bank23       00000
__Lbank24                        bank24       00000
__Lbank25                        bank25       00000
__Lbank26                        bank26       00000
__Lbank27                        bank27       00000
__Lbank28                        bank28       00000
__Lbank29                        bank29       00000
__Lbank3                         bank3        00000
__Lbank30                        bank30       00000
__Lbank31                        bank31       00000
__Lbank4                         bank4        00000
__Lbank5                         bank5        00000
__Lbank6                         bank6        00000
__Lbank7                         bank7        00000
__Lbank8                         bank8        00000
__Lbank9                         bank9        00000
__Lbigram                        bigram       00000
__LbssBANK0                      bssBANK0     00000
__LbssCOMMON                     bssCOMMON    00000
__Lcinit                         cinit        007EC
__Lclrtext                       clrtext      00000
__Lcode                          code         00000
__Lcommon                        common       00000
__Lconfig                        config       00000
__LcstackBANK0                   cstackBANK0  00000
__LcstackCOMMON                  cstackCOMMON 00000
__LdataBANK0                     dataBANK0    00000
__Leeprom_data                   eeprom_data  00000
__Lend_init                      end_init     00002
__Lfunctab                       functab      00000
__LidataBANK0                    idataBANK0   00000
__Linit                          init         00002
__Linittext                      inittext     00000
__Lintentry                      intentry     00002
__Lmaintext                      maintext     00000
__Lpowerup                       powerup      00000
__Lram                           ram          00000
__Lreset_vec                     reset_vec    00000
__Lsfr0                          sfr0         00000
__Lsfr1                          sfr1         00000
__Lsfr10                         sfr10        00000
__Lsfr11                         sfr11        00000
__Lsfr12                         sfr12        00000
__Lsfr13                         sfr13        00000
__Lsfr14                         sfr14        00000
__Lsfr15                         sfr15        00000
__Lsfr16                         sfr16        00000
__Lsfr17                         sfr17        00000
__Lsfr18                         sfr18        00000
__Lsfr19                         sfr19        00000
__Lsfr2                          sfr2         00000
__Lsfr20                         sfr20        00000
__Lsfr21                         sfr21        00000
__Lsfr22                         sfr22        00000
__Lsfr23                         sfr23        00000
__Lsfr24                         sfr24        00000
__Lsfr25                         sfr25        00000
__Lsfr26                         sfr26        00000
__Lsfr27                         sfr27        00000
__Lsfr28                         sfr28        00000
__Lsfr29                         sfr29        00000
__Lsfr3                          sfr3         00000
__Lsfr30                         sfr30        00000
__Lsfr31                         sfr31        00000
__Lsfr4                          sfr4         00000
__Lsfr5                          sfr5         00000
__Lsfr6                          sfr6         00000
__Lsfr7                          sfr7         00000
__Lsfr8                          sfr8         00000
__Lsfr9                          sfr9         00000
__Lspace_0                       (abs)        00000
__Lspace_1                       (abs)        00000
__Lspace_2                       (abs)        00000
__Lspace_3                       (abs)        00000
__Lspace_4                       (abs)        00000
__Lstack                         stack        00000
__Lstrings                       strings      00000
__Ltext                          text         00000
__S0                             (abs)        00800
__S1                             (abs)        0007E
__S2                             (abs)        00000
__S3                             (abs)        00000
___awdiv                         text12       006B7
___awdiv@counter                 cstackCOMMON 00075
___awdiv@dividend                cstackCOMMON 00072
___awdiv@divisor                 cstackCOMMON 00070
___awdiv@quotient                cstackCOMMON 00077
___awdiv@sign                    cstackCOMMON 00076
___awmod                         text11       00664
___awmod@counter                 cstackCOMMON 00075
___awmod@dividend                cstackCOMMON 00072
___awmod@divisor                 cstackCOMMON 00070
___awmod@sign                    cstackCOMMON 00076
___bmul                          text22       004CA
___bmul@multiplicand             cstackCOMMON 00070
___bmul@multiplier               cstackCOMMON 00073
___bmul@product                  cstackCOMMON 00072
___int_sp                        stack        00000
___latbits                       (abs)        00001
___sp                            stack        00000
___stackhi                       (abs)        0216F
___stacklo                       (abs)        02025
__end_of_OSCILLATOR_Initialize   text26       0043A
__end_of_PIN_MANAGER_Initialize  text25       004F6
__end_of_SYSTEM_Initialize       text23       00465
__end_of_WDT_Initialize          text24       0042D
__end_of___awdiv                 text12       00716
__end_of___awmod                 text11       006B7
__end_of___bmul                  text22       004DF
__end_of__initialization         cinit        007FD
__end_of_bcd_2_decimal           text21       004CA
__end_of_bit_delay               text7        00429
__end_of_decimal_2_bcd           text2        0055D
__end_of_encode_dig              text10       00449
__end_of_i2c_repeated_start      text19       0046F
__end_of_i2c_start               text18       00479
__end_of_i2c_stop                text17       00441
__end_of_i2c_wait                text20       00485
__end_of_main                    maintext     00664
__end_of_read_                   text14       0052F
__end_of_read_date               text13       0061C
__end_of_recv_byte               text16       0050D
__end_of_rtc_display             text4        007EC
__end_of_set_brigthness          text3        004B6
__end_of_set_segments            text5        00597
__end_of_start                   text9        00452
__end_of_stop                    text8        0045B
__end_of_write_byte              text15       004A3
__end_of_write_data              text6        005D6
__end_of_write_date              text1        00776
__initialization                 cinit        007EC
__pbssBANK0                      bssBANK0     00041
__pbssCOMMON                     bssCOMMON    0007D
__pcstackBANK0                   cstackBANK0  00020
__pcstackCOMMON                  cstackCOMMON 00070
__pdataBANK0                     dataBANK0    00033
__pidataBANK0                    idataBANK0   00485
__pmaintext                      maintext     0061C
__ptext1                         text1        00716
__ptext10                        text10       00441
__ptext11                        text11       00664
__ptext12                        text12       006B7
__ptext13                        text13       005D6
__ptext14                        text14       0050D
__ptext15                        text15       00493
__ptext16                        text16       004F6
__ptext17                        text17       0043A
__ptext18                        text18       0046F
__ptext19                        text19       00465
__ptext2                         text2        0052F
__ptext20                        text20       00479
__ptext21                        text21       004B6
__ptext22                        text22       004CA
__ptext23                        text23       0045B
__ptext24                        text24       00429
__ptext25                        text25       004DF
__ptext26                        text26       00433
__ptext3                         text3        004A3
__ptext4                         text4        00776
__ptext5                         text5        0055D
__ptext6                         text6        00597
__ptext7                         text7        00428
__ptext8                         text8        00452
__ptext9                         text9        00449
__size_of_OSCILLATOR_Initialize  (abs)        00000
__size_of_PIN_MANAGER_Initialize (abs)        00000
__size_of_SYSTEM_Initialize      (abs)        00000
__size_of_WDT_Initialize         (abs)        00000
__size_of___awdiv                (abs)        00000
__size_of___awmod                (abs)        00000
__size_of___bmul                 (abs)        00000
__size_of_bcd_2_decimal          (abs)        00000
__size_of_bit_delay              (abs)        00000
__size_of_decimal_2_bcd          (abs)        00000
__size_of_encode_dig             (abs)        00000
__size_of_i2c_repeated_start     (abs)        00000
__size_of_i2c_start              (abs)        00000
__size_of_i2c_stop               (abs)        00000
__size_of_i2c_wait               (abs)        00000
__size_of_main                   (abs)        00000
__size_of_read_                  (abs)        00000
__size_of_read_date              (abs)        00000
__size_of_recv_byte              (abs)        00000
__size_of_rtc_display            (abs)        00000
__size_of_set_brigthness         (abs)        00000
__size_of_set_segments           (abs)        00000
__size_of_start                  (abs)        00000
__size_of_stop                   (abs)        00000
__size_of_write_byte             (abs)        00000
__size_of_write_data             (abs)        00000
__size_of_write_date             (abs)        00000
_bcd_2_decimal                   text21       004B6
_bit_delay                       text7        00428
_decimal_2_bcd                   text2        0052F
_encode_dig                      text10       00441
_i2c_repeated_start              text19       00465
_i2c_start                       text18       0046F
_i2c_stop                        text17       0043A
_i2c_wait                        text20       00479
_m_brightness                    bssCOMMON    0007D
_main                            maintext     0061C
_read_                           text14       0050D
_read_date                       text13       005D6
_recv_byte                       text16       004F6
_rtc_display                     text4        00776
_segdata                         dataBANK0    00033
_set_brigthness                  text3        004A3
_set_segments                    text5        0055D
_start                           text9        00449
_stop                            text8        00452
_write_byte                      text15       00493
_write_data                      text6        00597
_write_date                      text1        00716
bcd_2_decimal@number             cstackCOMMON 00077
btemp                            (abs)        0007E
decimal_2_bcd@number             cstackCOMMON 00079
encode_dig@digit                 cstackCOMMON 00070
end_of_initialization            cinit        007FD
init_ram                         inittext     0042D
intlevel0                        functab      00000
intlevel1                        functab      00000
intlevel2                        functab      00000
intlevel3                        functab      00000
intlevel4                        functab      00000
intlevel5                        functab      00000
main@date                        cstackBANK0  0002D
read_@address                    cstackCOMMON 00079
read_@data                       cstackCOMMON 0007A
read_date@date                   cstackCOMMON 0007C
recv_byte@ack                    cstackCOMMON 00071
recv_byte@data                   cstackCOMMON 00072
reset_vec                        reset_vec    00000
rtc_display@F2393                dataBANK0    0003D
rtc_display@date                 cstackBANK0  0002A
rtc_display@min                  cstackBANK0  00028
rtc_display@sec                  cstackBANK0  00029
rtc_display@segments             cstackBANK0  00024
set_brigthness@brightness        cstackCOMMON 00072
set_brigthness@on                cstackCOMMON 00070
set_segments@k                   cstackCOMMON 00079
set_segments@length              cstackCOMMON 00075
set_segments@pos                 cstackCOMMON 00076
set_segments@segments            cstackCOMMON 00078
start                            init         00002
start_initialization             cinit        007EC
write_byte@data                  cstackCOMMON 00070
write_data@ack                   cstackCOMMON 00072
write_data@b                     cstackCOMMON 00071
write_data@data                  cstackCOMMON 00073
write_data@i                     cstackCOMMON 00074
write_date@date                  cstackCOMMON 0007C
wtemp0                           (abs)        0007E


FUNCTION INFORMATION:

 *************** function _main *****************
 Defined at:
		line 7 in file "main.c"
 Parameters:    Size  Location     Type
		None
 Auto vars:     Size  Location     Type
  date            6   13[BANK0 ] struct Date
 Return value:  Size  Location     Type
                  1    wreg      void 
 Registers used:
		wreg, fsr1l, fsr1h, status,2, status,0, pclath, cstack
 Tracked objects:
		On entry : 
		On exit  : 
		Unchanged: 
 Data sizes:     COMMON   BANK0   BANK1   BANK2   BANK3   BANK4
      Params:         0       0       0       0       0       0
      Locals:         0       6       0       0       0       0
      Temps:          0       2       0       0       0       0
      Totals:         0       8       0       0       0       0
Total ram usage:        8 bytes
 Hardware stack levels required when called:    4
 This function calls:
		_SYSTEM_Initialize
		_read_date
		_rtc_display
		_set_brigthness
		_write_date
 This function is called by:
		Startup code after reset
 This function uses a non-reentrant model


 *************** function _write_date *****************
 Defined at:
		line 23 in file "DS3231.c"
 Parameters:    Size  Location     Type
  date            1    wreg     PTR struct Date
		 -> main@date(6), 
 Auto vars:     Size  Location     Type
  date            1   12[COMMON] PTR struct Date
		 -> main@date(6), 
 Return value:  Size  Location     Type
                  1    wreg      void 
 Registers used:
		wreg, fsr1l, fsr1h, status,2, status,0, pclath, cstack
 Tracked objects:
		On entry : 
		On exit  : 
		Unchanged: 
 Data sizes:     COMMON   BANK0   BANK1   BANK2   BANK3   BANK4
      Params:         0       0       0       0       0       0
      Locals:         1       0       0       0       0       0
      Temps:          2       0       0       0       0       0
      Totals:         3       0       0       0       0       0
Total ram usage:        3 bytes
 Hardware stack levels used:    1
 Hardware stack levels required when called:    2
 This function calls:
		_decimal_2_bcd
		_i2c_start
		_i2c_stop
		_write_byte
 This function is called by:
		_main
 This function uses a non-reentrant model


 *************** function _decimal_2_bcd *****************
 Defined at:
		line 19 in file "DS3231.c"
 Parameters:    Size  Location     Type
  number          1    wreg     unsigned char 
 Auto vars:     Size  Location     Type
  number          1    9[COMMON] unsigned char 
 Return value:  Size  Location     Type
                  1    wreg      unsigned char 
 Registers used:
		wreg, status,2, status,0, pclath, cstack
 Tracked objects:
		On entry : 
		On exit  : 
		Unchanged: 
 Data sizes:     COMMON   BANK0   BANK1   BANK2   BANK3   BANK4
      Params:         0       0       0       0       0       0
      Locals:         1       0       0       0       0       0
      Temps:          0       7       0       0       0       0
      Totals:         1       7       0       0       0       0
Total ram usage:        8 bytes
 Hardware stack levels used:    1
 Hardware stack levels required when called:    1
 This function calls:
		___awdiv
		___awmod
 This function is called by:
		_write_date
 This function uses a non-reentrant model


 *************** function _set_brigthness *****************
 Defined at:
		line 97 in file "TM1637.c"
 Parameters:    Size  Location     Type
  brightness      1    wreg     unsigned char 
  on              1    0[COMMON] unsigned char 
 Auto vars:     Size  Location     Type
  brightness      1    2[COMMON] unsigned char 
 Return value:  Size  Location     Type
                  1    wreg      void 
 Registers used:
		wreg, status,2, status,0
 Tracked objects:
		On entry : 
		On exit  : 
		Unchanged: 
 Data sizes:     COMMON   BANK0   BANK1   BANK2   BANK3   BANK4
      Params:         1       0       0       0       0       0
      Locals:         1       0       0       0       0       0
      Temps:          1       0       0       0       0       0
      Totals:         3       0       0       0       0       0
Total ram usage:        3 bytes
 Hardware stack levels used:    1
 This function calls:
		Nothing
 This function is called by:
		_main
 This function uses a non-reentrant model


 *************** function _rtc_display *****************
 Defined at:
		line 45 in file "main.c"
 Parameters:    Size  Location     Type
  date            1    wreg     PTR struct Date
		 -> main@date(6), 
 Auto vars:     Size  Location     Type
  date            1   10[BANK0 ] PTR struct Date
		 -> main@date(6), 
  segments        4    4[BANK0 ] unsigned char [4]
  sec             1    9[BANK0 ] unsigned char 
  min             1    8[BANK0 ] unsigned char 
  hour            1    0        unsigned char 
  day             1    0        unsigned char 
  month           1    0        unsigned char 
  year            1    0        unsigned char 
 Return value:  Size  Location     Type
                  1    wreg      void 
 Registers used:
		wreg, fsr1l, fsr1h, status,2, status,0, pclath, cstack
 Tracked objects:
		On entry : 
		On exit  : 
		Unchanged: 
 Data sizes:     COMMON   BANK0   BANK1   BANK2   BANK3   BANK4
      Params:         0       0       0       0       0       0
      Locals:         0      11       0       0       0       0
      Temps:          3       0       0       0       0       0
      Totals:         3      11       0       0       0       0
Total ram usage:       14 bytes
 Hardware stack levels used:    1
 Hardware stack levels required when called:    3
 This function calls:
		___awdiv
		___awmod
		_encode_dig
		_set_segments
 This function is called by:
		_main
 This function uses a non-reentrant model


 *************** function _set_segments *****************
 Defined at:
		line 105 in file "TM1637.c"
 Parameters:    Size  Location     Type
  segments        1    wreg     PTR const unsigned char 
		 -> clear@data(4), rtc_display@segments(4), 
  length          1    5[COMMON] unsigned char 
  pos             1    6[COMMON] unsigned char 
 Auto vars:     Size  Location     Type
  segments        1    8[COMMON] PTR const unsigned char 
		 -> clear@data(4), rtc_display@segments(4), 
  k               1    9[COMMON] unsigned char 
 Return value:  Size  Location     Type
                  1    wreg      void 
 Registers used:
		wreg, fsr1l, fsr1h, status,2, status,0, pclath, cstack
 Tracked objects:
		On entry : 
		On exit  : 
		Unchanged: 
 Data sizes:     COMMON   BANK0   BANK1   BANK2   BANK3   BANK4
      Params:         2       0       0       0       0       0
      Locals:         2       0       0       0       0       0
      Temps:          1       0       0       0       0       0
      Totals:         5       0       0       0       0       0
Total ram usage:        5 bytes
 Hardware stack levels used:    1
 Hardware stack levels required when called:    2
 This function calls:
		_start
		_stop
		_write_data
 This function is called by:
		_rtc_display
		_clear
 This function uses a non-reentrant model


 *************** function _write_data *****************
 Defined at:
		line 56 in file "TM1637.c"
 Parameters:    Size  Location     Type
  b               1    wreg     unsigned char 
 Auto vars:     Size  Location     Type
  b               1    1[COMMON] unsigned char 
  i               1    4[COMMON] unsigned char 
  data            1    3[COMMON] unsigned char 
  ack             1    2[COMMON] unsigned char 
 Return value:  Size  Location     Type
                  1    wreg      unsigned char 
 Registers used:
		wreg, status,2, status,0, pclath, cstack
 Tracked objects:
		On entry : 
		On exit  : 
		Unchanged: 
 Data sizes:     COMMON   BANK0   BANK1   BANK2   BANK3   BANK4
      Params:         0       0       0       0       0       0
      Locals:         4       0       0       0       0       0
      Temps:          1       0       0       0       0       0
      Totals:         5       0       0       0       0       0
Total ram usage:        5 bytes
 Hardware stack levels used:    1
 Hardware stack levels required when called:    1
 This function calls:
		_bit_delay
 This function is called by:
		_set_segments
 This function uses a non-reentrant model


 *************** function _bit_delay *****************
 Defined at:
		line 30 in file "TM1637.c"
 Parameters:    Size  Location     Type
		None
 Auto vars:     Size  Location     Type
		None
 Return value:  Size  Location     Type
                  1    wreg      void 
 Registers used:
		None
 Tracked objects:
		On entry : 
		On exit  : 
		Unchanged: 
 Data sizes:     COMMON   BANK0   BANK1   BANK2   BANK3   BANK4
      Params:         0       0       0       0       0       0
      Locals:         0       0       0       0       0       0
      Temps:          0       0       0       0       0       0
      Totals:         0       0       0       0       0       0
Total ram usage:        0 bytes
 Hardware stack levels used:    1
 This function calls:
		Nothing
 This function is called by:
		_write_data
 This function uses a non-reentrant model


 *************** function _stop *****************
 Defined at:
		line 45 in file "TM1637.c"
 Parameters:    Size  Location     Type
		None
 Auto vars:     Size  Location     Type
		None
 Return value:  Size  Location     Type
                  1    wreg      void 
 Registers used:
		None
 Tracked objects:
		On entry : 
		On exit  : 
		Unchanged: 
 Data sizes:     COMMON   BANK0   BANK1   BANK2   BANK3   BANK4
      Params:         0       0       0       0       0       0
      Locals:         0       0       0       0       0       0
      Temps:          0       0       0       0       0       0
      Totals:         0       0       0       0       0       0
Total ram usage:        0 bytes
 Hardware stack levels used:    1
 This function calls:
		Nothing
 This function is called by:
		_set_segments
 This function uses a non-reentrant model


 *************** function _start *****************
 Defined at:
		line 34 in file "TM1637.c"
 Parameters:    Size  Location     Type
		None
 Auto vars:     Size  Location     Type
		None
 Return value:  Size  Location     Type
                  1    wreg      void 
 Registers used:
		None
 Tracked objects:
		On entry : 
		On exit  : 
		Unchanged: 
 Data sizes:     COMMON   BANK0   BANK1   BANK2   BANK3   BANK4
      Params:         0       0       0       0       0       0
      Locals:         0       0       0       0       0       0
      Temps:          0       0       0       0       0       0
      Totals:         0       0       0       0       0       0
Total ram usage:        0 bytes
 Hardware stack levels used:    1
 This function calls:
		Nothing
 This function is called by:
		_set_segments
 This function uses a non-reentrant model


 *************** function _encode_dig *****************
 Defined at:
		line 134 in file "TM1637.c"
 Parameters:    Size  Location     Type
  digit           1    wreg     unsigned char 
 Auto vars:     Size  Location     Type
  digit           1    0[COMMON] unsigned char 
 Return value:  Size  Location     Type
                  1    wreg      unsigned char 
 Registers used:
		wreg, fsr1l, fsr1h, status,2, status,0
 Tracked objects:
		On entry : 
		On exit  : 
		Unchanged: 
 Data sizes:     COMMON   BANK0   BANK1   BANK2   BANK3   BANK4
      Params:         0       0       0       0       0       0
      Locals:         1       0       0       0       0       0
      Temps:          0       0       0       0       0       0
      Totals:         1       0       0       0       0       0
Total ram usage:        1 bytes
 Hardware stack levels used:    1
 This function calls:
		Nothing
 This function is called by:
		_rtc_display
 This function uses a non-reentrant model


 *************** function ___awmod *****************
 Defined at:
		line 5 in file "C:\Program Files\Microchip\xc8\v2.30\pic\sources\c90\common\awmod.c"
 Parameters:    Size  Location     Type
  divisor         2    0[COMMON] int 
  dividend        2    2[COMMON] int 
 Auto vars:     Size  Location     Type
  sign            1    6[COMMON] unsigned char 
  counter         1    5[COMMON] unsigned char 
 Return value:  Size  Location     Type
                  2    0[COMMON] int 
 Registers used:
		wreg, status,2, status,0
 Tracked objects:
		On entry : 
		On exit  : 
		Unchanged: 
 Data sizes:     COMMON   BANK0   BANK1   BANK2   BANK3   BANK4
      Params:         4       0       0       0       0       0
      Locals:         2       0       0       0       0       0
      Temps:          1       0       0       0       0       0
      Totals:         7       0       0       0       0       0
Total ram usage:        7 bytes
 Hardware stack levels used:    1
 This function calls:
		Nothing
 This function is called by:
		_rtc_display
		_decimal_2_bcd
 This function uses a non-reentrant model


 *************** function ___awdiv *****************
 Defined at:
		line 5 in file "C:\Program Files\Microchip\xc8\v2.30\pic\sources\c90\common\awdiv.c"
 Parameters:    Size  Location     Type
  divisor         2    0[COMMON] int 
  dividend        2    2[COMMON] int 
 Auto vars:     Size  Location     Type
  quotient        2    7[COMMON] int 
  sign            1    6[COMMON] unsigned char 
  counter         1    5[COMMON] unsigned char 
 Return value:  Size  Location     Type
                  2    0[COMMON] int 
 Registers used:
		wreg, status,2, status,0
 Tracked objects:
		On entry : 
		On exit  : 
		Unchanged: 
 Data sizes:     COMMON   BANK0   BANK1   BANK2   BANK3   BANK4
      Params:         4       0       0       0       0       0
      Locals:         4       0       0       0       0       0
      Temps:          1       0       0       0       0       0
      Totals:         9       0       0       0       0       0
Total ram usage:        9 bytes
 Hardware stack levels used:    1
 This function calls:
		Nothing
 This function is called by:
		_rtc_display
		_decimal_2_bcd
 This function uses a non-reentrant model


 *************** function _read_date *****************
 Defined at:
		line 59 in file "DS3231.c"
 Parameters:    Size  Location     Type
  date            1    wreg     PTR struct Date
		 -> main@date(6), 
 Auto vars:     Size  Location     Type
  date            1   12[COMMON] PTR struct Date
		 -> main@date(6), 
 Return value:  Size  Location     Type
                  1    wreg      void 
 Registers used:
		wreg, fsr1l, fsr1h, status,2, status,0, pclath, cstack
 Tracked objects:
		On entry : 
		On exit  : 
		Unchanged: 
 Data sizes:     COMMON   BANK0   BANK1   BANK2   BANK3   BANK4
      Params:         0       0       0       0       0       0
      Locals:         1       0       0       0       0       0
      Temps:          1       0       0       0       0       0
      Totals:         2       0       0       0       0       0
Total ram usage:        2 bytes
 Hardware stack levels used:    1
 Hardware stack levels required when called:    3
 This function calls:
		_read_
 This function is called by:
		_main
 This function uses a non-reentrant model


 *************** function _read_ *****************
 Defined at:
		line 44 in file "DS3231.c"
 Parameters:    Size  Location     Type
  address         1    wreg     unsigned char 
 Auto vars:     Size  Location     Type
  address         1    9[COMMON] unsigned char 
  data            1   10[COMMON] unsigned char 
 Return value:  Size  Location     Type
                  1    wreg      unsigned char 
 Registers used:
		wreg, status,2, status,0, pclath, cstack
 Tracked objects:
		On entry : 
		On exit  : 
		Unchanged: 
 Data sizes:     COMMON   BANK0   BANK1   BANK2   BANK3   BANK4
      Params:         0       0       0       0       0       0
      Locals:         2       0       0       0       0       0
      Temps:          1       0       0       0       0       0
      Totals:         3       0       0       0       0       0
Total ram usage:        3 bytes
 Hardware stack levels used:    1
 Hardware stack levels required when called:    2
 This function calls:
		_bcd_2_decimal
		_i2c_repeated_start
		_i2c_start
		_i2c_stop
		_recv_byte
		_write_byte
 This function is called by:
		_read_date
 This function uses a non-reentrant model


 *************** function _write_byte *****************
 Defined at:
		line 33 in file "i2c.c"
 Parameters:    Size  Location     Type
  data            1    wreg     unsigned char 
 Auto vars:     Size  Location     Type
  data            1    0[COMMON] unsigned char 
 Return value:  Size  Location     Type
                  1    wreg      void 
 Registers used:
		wreg, status,2, status,0, pclath, cstack
 Tracked objects:
		On entry : 
		On exit  : 
		Unchanged: 
 Data sizes:     COMMON   BANK0   BANK1   BANK2   BANK3   BANK4
      Params:         0       0       0       0       0       0
      Locals:         1       0       0       0       0       0
      Temps:          0       0       0       0       0       0
      Totals:         1       0       0       0       0       0
Total ram usage:        1 bytes
 Hardware stack levels used:    1
 Hardware stack levels required when called:    1
 This function calls:
		_i2c_wait
 This function is called by:
		_write_date
		_read_
		_i2c_cmd
		_recv_data
 This function uses a non-reentrant model


 *************** function _recv_byte *****************
 Defined at:
		line 48 in file "i2c.c"
 Parameters:    Size  Location     Type
  ack             1    wreg     unsigned char 
 Auto vars:     Size  Location     Type
  ack             1    1[COMMON] unsigned char 
  data            1    2[COMMON] unsigned char 
 Return value:  Size  Location     Type
                  1    wreg      unsigned char 
 Registers used:
		wreg, status,2, status,0, pclath, cstack
 Tracked objects:
		On entry : 
		On exit  : 
		Unchanged: 
 Data sizes:     COMMON   BANK0   BANK1   BANK2   BANK3   BANK4
      Params:         0       0       0       0       0       0
      Locals:         2       0       0       0       0       0
      Temps:          1       0       0       0       0       0
      Totals:         3       0       0       0       0       0
Total ram usage:        3 bytes
 Hardware stack levels used:    1
 Hardware stack levels required when called:    1
 This function calls:
		_i2c_wait
 This function is called by:
		_read_
		_recv_data
 This function uses a non-reentrant model


 *************** function _i2c_stop *****************
 Defined at:
		line 22 in file "i2c.c"
 Parameters:    Size  Location     Type
		None
 Auto vars:     Size  Location     Type
		None
 Return value:  Size  Location     Type
                  1    wreg      void 
 Registers used:
		None
 Tracked objects:
		On entry : 
		On exit  : 
		Unchanged: 
 Data sizes:     COMMON   BANK0   BANK1   BANK2   BANK3   BANK4
      Params:         0       0       0       0       0       0
      Locals:         0       0       0       0       0       0
      Temps:          0       0       0       0       0       0
      Totals:         0       0       0       0       0       0
Total ram usage:        0 bytes
 Hardware stack levels used:    1
 This function calls:
		Nothing
 This function is called by:
		_write_date
		_read_
		_i2c_cmd
		_recv_data
 This function uses a non-reentrant model


 *************** function _i2c_start *****************
 Defined at:
		line 16 in file "i2c.c"
 Parameters:    Size  Location     Type
		None
 Auto vars:     Size  Location     Type
		None
 Return value:  Size  Location     Type
                  1    wreg      void 
 Registers used:
		wreg, status,2, status,0, pclath, cstack
 Tracked objects:
		On entry : 
		On exit  : 
		Unchanged: 
 Data sizes:     COMMON   BANK0   BANK1   BANK2   BANK3   BANK4
      Params:         0       0       0       0       0       0
      Locals:         0       0       0       0       0       0
      Temps:          0       0       0       0       0       0
      Totals:         0       0       0       0       0       0
Total ram usage:        0 bytes
 Hardware stack levels used:    1
 Hardware stack levels required when called:    1
 This function calls:
		_i2c_wait
 This function is called by:
		_write_date
		_read_
		_i2c_cmd
		_recv_data
 This function uses a non-reentrant model


 *************** function _i2c_repeated_start *****************
 Defined at:
		line 27 in file "i2c.c"
 Parameters:    Size  Location     Type
		None
 Auto vars:     Size  Location     Type
		None
 Return value:  Size  Location     Type
                  1    wreg      void 
 Registers used:
		wreg, status,2, status,0, pclath, cstack
 Tracked objects:
		On entry : 
		On exit  : 
		Unchanged: 
 Data sizes:     COMMON   BANK0   BANK1   BANK2   BANK3   BANK4
      Params:         0       0       0       0       0       0
      Locals:         0       0       0       0       0       0
      Temps:          0       0       0       0       0       0
      Totals:         0       0       0       0       0       0
Total ram usage:        0 bytes
 Hardware stack levels used:    1
 Hardware stack levels required when called:    1
 This function calls:
		_i2c_wait
 This function is called by:
		_read_
 This function uses a non-reentrant model


 *************** function _i2c_wait *****************
 Defined at:
		line 12 in file "i2c.c"
 Parameters:    Size  Location     Type
		None
 Auto vars:     Size  Location     Type
		None
 Return value:  Size  Location     Type
                  1    wreg      void 
 Registers used:
		wreg, status,2
 Tracked objects:
		On entry : 
		On exit  : 
		Unchanged: 
 Data sizes:     COMMON   BANK0   BANK1   BANK2   BANK3   BANK4
      Params:         0       0       0       0       0       0
      Locals:         0       0       0       0       0       0
      Temps:          0       0       0       0       0       0
      Totals:         0       0       0       0       0       0
Total ram usage:        0 bytes
 Hardware stack levels used:    1
 This function calls:
		Nothing
 This function is called by:
		_i2c_start
		_i2c_repeated_start
		_write_byte
		_recv_byte
 This function uses a non-reentrant model


 *************** function _bcd_2_decimal *****************
 Defined at:
		line 15 in file "DS3231.c"
 Parameters:    Size  Location     Type
  number          1    wreg     unsigned char 
 Auto vars:     Size  Location     Type
  number          1    7[COMMON] unsigned char 
 Return value:  Size  Location     Type
                  1    wreg      unsigned char 
 Registers used:
		wreg, status,2, status,0, pclath, cstack
 Tracked objects:
		On entry : 
		On exit  : 
		Unchanged: 
 Data sizes:     COMMON   BANK0   BANK1   BANK2   BANK3   BANK4
      Params:         0       0       0       0       0       0
      Locals:         1       0       0       0       0       0
      Temps:          3       0       0       0       0       0
      Totals:         4       0       0       0       0       0
Total ram usage:        4 bytes
 Hardware stack levels used:    1
 Hardware stack levels required when called:    1
 This function calls:
		___bmul
 This function is called by:
		_read_
 This function uses a non-reentrant model


 *************** function ___bmul *****************
 Defined at:
		line 4 in file "C:\Program Files\Microchip\xc8\v2.30\pic\sources\c90\common\Umul8.c"
 Parameters:    Size  Location     Type
  multiplier      1    wreg     unsigned char 
  multiplicand    1    0[COMMON] unsigned char 
 Auto vars:     Size  Location     Type
  multiplier      1    3[COMMON] unsigned char 
  product         1    2[COMMON] unsigned char 
 Return value:  Size  Location     Type
                  1    wreg      unsigned char 
 Registers used:
		wreg, status,2, status,0
 Tracked objects:
		On entry : 
		On exit  : 
		Unchanged: 
 Data sizes:     COMMON   BANK0   BANK1   BANK2   BANK3   BANK4
      Params:         1       0       0       0       0       0
      Locals:         2       0       0       0       0       0
      Temps:          1       0       0       0       0       0
      Totals:         4       0       0       0       0       0
Total ram usage:        4 bytes
 Hardware stack levels used:    1
 This function calls:
		Nothing
 This function is called by:
		_bcd_2_decimal
 This function uses a non-reentrant model


 *************** function _SYSTEM_Initialize *****************
 Defined at:
		line 50 in file "mcc_generated_files/mcc.c"
 Parameters:    Size  Location     Type
		None
 Auto vars:     Size  Location     Type
		None
 Return value:  Size  Location     Type
                  1    wreg      void 
 Registers used:
		wreg, status,2, status,0, pclath, cstack
 Tracked objects:
		On entry : 
		On exit  : 
		Unchanged: 
 Data sizes:     COMMON   BANK0   BANK1   BANK2   BANK3   BANK4
      Params:         0       0       0       0       0       0
      Locals:         0       0       0       0       0       0
      Temps:          0       0       0       0       0       0
      Totals:         0       0       0       0       0       0
Total ram usage:        0 bytes
 Hardware stack levels used:    1
 Hardware stack levels required when called:    1
 This function calls:
		_OSCILLATOR_Initialize
		_PIN_MANAGER_Initialize
		_WDT_Initialize
 This function is called by:
		_main
 This function uses a non-reentrant model


 *************** function _WDT_Initialize *****************
 Defined at:
		line 68 in file "mcc_generated_files/mcc.c"
 Parameters:    Size  Location     Type
		None
 Auto vars:     Size  Location     Type
		None
 Return value:  Size  Location     Type
                  1    wreg      void 
 Registers used:
		wreg
 Tracked objects:
		On entry : 
		On exit  : 
		Unchanged: 
 Data sizes:     COMMON   BANK0   BANK1   BANK2   BANK3   BANK4
      Params:         0       0       0       0       0       0
      Locals:         0       0       0       0       0       0
      Temps:          0       0       0       0       0       0
      Totals:         0       0       0       0       0       0
Total ram usage:        0 bytes
 Hardware stack levels used:    1
 This function calls:
		Nothing
 This function is called by:
		_SYSTEM_Initialize
 This function uses a non-reentrant model


 *************** function _PIN_MANAGER_Initialize *****************
 Defined at:
		line 55 in file "mcc_generated_files/pin_manager.c"
 Parameters:    Size  Location     Type
		None
 Auto vars:     Size  Location     Type
		None
 Return value:  Size  Location     Type
                  1    wreg      void 
 Registers used:
		wreg, status,2
 Tracked objects:
		On entry : 
		On exit  : 
		Unchanged: 
 Data sizes:     COMMON   BANK0   BANK1   BANK2   BANK3   BANK4
      Params:         0       0       0       0       0       0
      Locals:         0       0       0       0       0       0
      Temps:          0       0       0       0       0       0
      Totals:         0       0       0       0       0       0
Total ram usage:        0 bytes
 Hardware stack levels used:    1
 This function calls:
		Nothing
 This function is called by:
		_SYSTEM_Initialize
 This function uses a non-reentrant model


 *************** function _OSCILLATOR_Initialize *****************
 Defined at:
		line 58 in file "mcc_generated_files/mcc.c"
 Parameters:    Size  Location     Type
		None
 Auto vars:     Size  Location     Type
		None
 Return value:  Size  Location     Type
                  1    wreg      void 
 Registers used:
		wreg, status,2
 Tracked objects:
		On entry : 
		On exit  : 
		Unchanged: 
 Data sizes:     COMMON   BANK0   BANK1   BANK2   BANK3   BANK4
      Params:         0       0       0       0       0       0
      Locals:         0       0       0       0       0       0
      Temps:          0       0       0       0       0       0
      Totals:         0       0       0       0       0       0
Total ram usage:        0 bytes
 Hardware stack levels used:    1
 This function calls:
		Nothing
 This function is called by:
		_SYSTEM_Initialize
 This function uses a non-reentrant model



MODULE INFORMATION

Module		Function		Class		Link	Load	Size
TM1637.c
		_set_segments  		CODE           	055D	0000	58
		_write_data    		CODE           	0597	0000	63
		_stop          		CODE           	0452	0000	9
		_set_brigthness		CODE           	04A3	0000	19
		_encode_dig    		CODE           	0441	0000	8
		_start         		CODE           	0449	0000	9
		_bit_delay     		CODE           	0428	0000	1

TM1637.c estimated size: 167

C:\Program Files\Microchip\xc8\v2.30\pic\sources\c90\common\awmod.c
		___awmod       		CODE           	0664	0000	83

C:\Program Files\Microchip\xc8\v2.30\pic\sources\c90\common\awmod.c estimated size: 83

i2c.c
		_i2c_start     		CODE           	046F	0000	10
		_recv_byte     		CODE           	04F6	0000	23
		_i2c_stop      		CODE           	043A	0000	7
		_i2c_wait      		CODE           	0479	0000	12
		_write_byte    		CODE           	0493	0000	16
		_i2c_repeated_start		CODE           	0465	0000	10

i2c.c estimated size: 78

mcc_generated_files/pin_manager.c
		_PIN_MANAGER_Initialize		CODE           	04DF	0000	23

mcc_generated_files/pin_manager.c estimated size: 23

C:\Program Files\Microchip\xc8\v2.30\pic\sources\c90\common\Umul8.c
		___bmul        		CODE           	04CA	0000	21

C:\Program Files\Microchip\xc8\v2.30\pic\sources\c90\common\Umul8.c estimated size: 21

C:\Program Files\Microchip\xc8\v2.30\pic\sources\c90\common\awdiv.c
		___awdiv       		CODE           	06B7	0000	95

C:\Program Files\Microchip\xc8\v2.30\pic\sources\c90\common\awdiv.c estimated size: 95

shared
		__initialization		CODE           	07EC	0000	17

shared estimated size: 17

mcc_generated_files/mcc.c
		_WDT_Initialize		CODE           	0429	0000	4
		_OSCILLATOR_Initialize		CODE           	0433	0000	7
		_SYSTEM_Initialize		CODE           	045B	0000	10

mcc_generated_files/mcc.c estimated size: 21

DS3231.c
		_decimal_2_bcd 		CODE           	052F	0000	46
		_write_date    		CODE           	0716	0000	96
		_read_         		CODE           	050D	0000	34
		_read_date     		CODE           	05D6	0000	70
		_bcd_2_decimal 		CODE           	04B6	0000	20

DS3231.c estimated size: 266

main.c
		_main          		CODE           	061C	0000	72
		_rtc_display   		CODE           	0776	0000	118

main.c estimated size: 190

