Microchip MPLAB XC8 Compiler V2.30

Linker command line:

-W-3 --edf=C:\Program Files\Microchip\xc8\v2.30\pic\dat\en_msgs.txt -cn \
  -h+dist/default/production\DS3231.X.production.sym \
  --cmf=dist/default/production\DS3231.X.production.cmf -z -Q16F1827 \
  -oC:\Users\dexte\AppData\Local\Temp\s110x2 --defsym=__MPLAB_BUILD=1 \
  -Mdist/default/production/DS3231.X.production.map -E1 -ver=XC8 Compiler \
  --acfsm=1493 -ASTACK=02024h-0216Fh -pstack=STACK -ACODE=00h-07FFhx2 \
  -ASTRCODE=00h-0FFFh -ASTRING=00h-0FFhx16 -ACONST=00h-0FFhx16 \
  -AENTRY=00h-0FFhx16 -ACOMMON=070h-07Fh -ABANK0=020h-06Fh \
  -ABANK1=0A0h-0EFh -ABANK2=0120h-016Fh -ABANK3=01A0h-01EFh \
  -ABANK4=0220h-024Fh -ABIGRAM=02000h-0216Fh \
  -ARAM=020h-06Fh,0A0h-0EFh,0120h-016Fh,01A0h-01EFh,0220h-024Fh \
  -AABS1=020h-07Fh,0A0h-0EFh,0120h-016Fh,01A0h-01EFh,0220h-024Fh \
  -ASFR0=00h-01Fh -ASFR1=080h-09Fh -ASFR2=0100h-011Fh -ASFR3=0180h-019Fh \
  -ASFR4=0200h-021Fh -ASFR5=0280h-02EFh -ASFR6=0300h-036Fh \
  -ASFR7=0380h-03EFh -ASFR8=0400h-046Fh -ASFR9=0480h-04EFh \
  -ASFR10=0500h-056Fh -ASFR11=0580h-05EFh -ASFR12=0600h-066Fh \
  -ASFR13=0680h-06EFh -ASFR14=0700h-076Fh -ASFR15=0780h-07EFh \
  -ASFR16=0800h-086Fh -ASFR17=0880h-08EFh -ASFR18=0900h-096Fh \
  -ASFR19=0980h-09EFh -ASFR20=0A00h-0A6Fh -ASFR21=0A80h-0AEFh \
  -ASFR22=0B00h-0B6Fh -ASFR23=0B80h-0BEFh -ASFR24=0C00h-0C6Fh \
  -ASFR25=0C80h-0CEFh -ASFR26=0D00h-0D6Fh -ASFR27=0D80h-0DEFh \
  -ASFR28=0E00h-0E6Fh -ASFR29=0E80h-0EEFh -ASFR30=0F00h-0F6Fh \
  -ASFR31=0F80h-0FEFh -ACONFIG=08007h-08008h -DCONFIG=2 \
  -AIDLOC=08000h-08003h -DIDLOC=2 -AEEDATA=00h-0FFh/0F000h \
  -peeprom_data=EEDATA -DEEDATA=2 -DCODE=2 -DSTRCODE=2 -DSTRING=2 -DCONST=2 \
  -DENTRY=2 -preset_vec=00h,intentry,init,end_init -ppowerup=CODE \
  -pcinit=CODE -pfunctab=ENTRY -k \
  C:\Users\dexte\AppData\Local\Temp\s110xg.o \
  dist/default/production\DS3231.X.production.o 

Object code version is 3.11

Machine type is 16F1827



                Name                               Link     Load   Length Selector   Space Scale
C:\Users\dexte\AppData\Local\Temp\s110xg.o
                end_init                              2        2        2        0       0
                reset_vec                             0        0        2        0       0
                config                             8007     8007        2        0       4
dist/default/production\DS3231.X.production.o
                cinit                               7EB      7EB       15      FD6       0
                config                             8007     8007        2        0       4
                text22                              4B3      4B3        7      966       0
                text21                              555      555       17      AAA       0
                text20                              4A9      4A9        4      952       0
                text19                              4DB      4DB        A      9B6       0
                text18                              540      540       15      A80       0
                text17                              52C      52C       14      A58       0
                text16                              4EF      4EF        C      9DE       0
                text15                              4E5      4E5        A      9CA       0
                text14                              4BA      4BA        7      974       0
                text13                              56C      56C       17      AD8       0
                text12                              509      509       10      A12       0
                text11                              6AE      6AE       62      D5C       0
                text10                              64F      64F       5F      C9E       0
                text9                               5FC      5FC       53      BF8       0
                text8                               4C1      4C1        8      982       0
                text7                               4C9      4C9        9      992       0
                text6                               4D2      4D2        9      9A4       0
                text5                               4A8      4A8        1      950       0
                text4                               5BD      5BD       3F      B7A       0
                text3                               583      583       3A      B06       0
                text2                               77A      77A       71      EF4       0
                text1                               519      519       13      A32       0
                maintext                            710      710       6A      E20       0
                cstackBANK0                          20       20        F       20       1
                cstackCOMMON                         70       70        D       70       1
                inittext                            4AD      4AD        6      95A       0
                dataBANK0                            2F       2F        E       20       1
                bssBANK0                             3D       3D        5       20       1
                bssCOMMON                            7D       7D        1       70       1
                nvBANK0                              42       42        2       20       1
                idataBANK0                          4FB      4FB        E      9F6       0

TOTAL           Name                               Link     Load   Length     Space
        CLASS   STACK          

        CLASS   CODE           
                end_init                              2        2        2         0
                cinit                               7EB      7EB       15         0
                reset_vec                             0        0        2         0
                text22                              4B3      4B3        7         0
                text21                              555      555       17         0
                text20                              4A9      4A9        4         0
                text19                              4DB      4DB        A         0
                text18                              540      540       15         0
                text17                              52C      52C       14         0
                text16                              4EF      4EF        C         0
                text15                              4E5      4E5        A         0
                text14                              4BA      4BA        7         0
                text13                              56C      56C       17         0
                text12                              509      509       10         0
                text11                              6AE      6AE       62         0
                text10                              64F      64F       5F         0
                text9                               5FC      5FC       53         0
                text8                               4C1      4C1        8         0
                text7                               4C9      4C9        9         0
                text6                               4D2      4D2        9         0
                text5                               4A8      4A8        1         0
                text4                               5BD      5BD       3F         0
                text3                               583      583       3A         0
                text2                               77A      77A       71         0
                text1                               519      519       13         0
                maintext                            710      710       6A         0
                inittext                            4AD      4AD        6         0
                idataBANK0                          4FB      4FB        E         0

        CLASS   STRCODE        

        CLASS   STRING         

        CLASS   CONST          

        CLASS   ENTRY          

        CLASS   COMMON         
                cstackCOMMON                         70       70        D         1
                bssCOMMON                            7D       7D        1         1

        CLASS   BANK0          
                cstackBANK0                          20       20        F         1
                dataBANK0                            2F       2F        E         1
                bssBANK0                             3D       3D        5         1
                nvBANK0                              42       42        2         1

        CLASS   BANK1          

        CLASS   BANK2          

        CLASS   BANK3          

        CLASS   BANK4          

        CLASS   BIGRAM         

        CLASS   RAM            

        CLASS   ABS1           
                abs_s1                               7E       7E        2         1

        CLASS   SFR0           

        CLASS   SFR1           

        CLASS   SFR2           

        CLASS   SFR3           

        CLASS   SFR4           

        CLASS   SFR5           

        CLASS   SFR6           

        CLASS   SFR7           

        CLASS   SFR8           

        CLASS   SFR9           

        CLASS   SFR10          

        CLASS   SFR11          

        CLASS   SFR12          

        CLASS   SFR13          

        CLASS   SFR14          

        CLASS   SFR15          

        CLASS   SFR16          

        CLASS   SFR17          

        CLASS   SFR18          

        CLASS   SFR19          

        CLASS   SFR20          

        CLASS   SFR21          

        CLASS   SFR22          

        CLASS   SFR23          

        CLASS   SFR24          

        CLASS   SFR25          

        CLASS   SFR26          

        CLASS   SFR27          

        CLASS   SFR28          

        CLASS   SFR29          

        CLASS   SFR30          

        CLASS   SFR31          

        CLASS   CONFIG         
                config                             8007     8007        2         4

        CLASS   IDLOC          

        CLASS   EEDATA         

        CLASS   BANK31         

        CLASS   BANK30         

        CLASS   BANK29         

        CLASS   BANK28         

        CLASS   BANK27         

        CLASS   BANK26         

        CLASS   BANK25         

        CLASS   BANK24         

        CLASS   BANK23         

        CLASS   BANK22         

        CLASS   BANK21         

        CLASS   BANK20         

        CLASS   BANK19         

        CLASS   BANK18         

        CLASS   BANK17         

        CLASS   BANK16         

        CLASS   BANK15         

        CLASS   BANK14         

        CLASS   BANK13         

        CLASS   BANK12         

        CLASS   BANK11         

        CLASS   BANK10         

        CLASS   BANK9          

        CLASS   BANK8          

        CLASS   BANK7          

        CLASS   BANK6          

        CLASS   BANK5          



SEGMENTS        Name                           Load    Length   Top    Selector   Space  Class     Delta

                reset_vec                      000000  000004  000004         0       0  CODE        2
                cstackBANK0                    000020  000024  000044        20       1  BANK0       1
                cstackCOMMON                   000070  00000E  00007E        70       1  COMMON      1
                text5                          0004A8  000001  0004A9       950       0  CODE        2
                text20                         0004A9  000004  0004AD       952       0  CODE        2
                inittext                       0004AD  000006  0004B3       95A       0  CODE        2
                text22                         0004B3  000007  0004BA       966       0  CODE        2
                text14                         0004BA  000007  0004C1       974       0  CODE        2
                text8                          0004C1  000008  0004C9       982       0  CODE        2
                text7                          0004C9  000009  0004D2       992       0  CODE        2
                text6                          0004D2  000009  0004DB       9A4       0  CODE        2
                text19                         0004DB  00000A  0004E5       9B6       0  CODE        2
                text15                         0004E5  00000A  0004EF       9CA       0  CODE        2
                text16                         0004EF  00000C  0004FB       9DE       0  CODE        2
                idataBANK0                     0004FB  00000E  000509       9F6       0  CODE        2
                text12                         000509  000010  000519       A12       0  CODE        2
                text1                          000519  000013  00052C       A32       0  CODE        2
                text17                         00052C  000014  000540       A58       0  CODE        2
                text18                         000540  000015  000555       A80       0  CODE        2
                text21                         000555  000017  00056C       AAA       0  CODE        2
                text13                         00056C  000017  000583       AD8       0  CODE        2
                text3                          000583  00003A  0005BD       B06       0  CODE        2
                text4                          0005BD  00003F  0005FC       B7A       0  CODE        2
                text9                          0005FC  000053  00064F       BF8       0  CODE        2
                text10                         00064F  00005F  0006AE       C9E       0  CODE        2
                text11                         0006AE  000062  000710       D5C       0  CODE        2
                maintext                       000710  00006A  00077A       E20       0  CODE        2
                text2                          00077A  000071  0007EB       EF4       0  CODE        2
                cinit                          0007EB  000015  000800       FD6       0  CODE        2


UNUSED ADDRESS RANGES

        Name                Unused          Largest block    Delta
        BANK0            00044-0006F              2C           1
        BANK1            000A0-000EF              50           1
        BANK2            00120-0016F              50           1
        BANK3            001A0-001EF              50           1
        BANK4            00220-0024F              30           1
        BIGRAM           02000-0216F             170           1
        CODE             00004-004A7             4A4           2
                         00800-00FFF             800
        CONST            00004-004A7             100           2
                         00800-00FFF             100
        EEDATA           0F000-0F0FF             100           2
        ENTRY            00004-004A7             100           2
                         00800-00FFF             100
        IDLOC            08000-08003               4           2
        RAM              00044-0006F              2C           1
                         000A0-000EF              50
                         00120-0016F              50
                         001A0-001EF              50
                         00220-0024F              30
        SFR0             00000-0001F              20           1
        SFR1             00080-0009F              20           1
        SFR10            00500-0056F              70           1
        SFR11            00580-005EF              70           1
        SFR12            00600-0066F              70           1
        SFR13            00680-006EF              70           1
        SFR14            00700-0076F              70           1
        SFR15            00780-007EF              70           1
        SFR16            00800-0086F              70           1
        SFR17            00880-008EF              70           1
        SFR18            00900-0096F              70           1
        SFR19            00980-009EF              70           1
        SFR2             00100-0011F              20           1
        SFR20            00A00-00A6F              70           1
        SFR21            00A80-00AEF              70           1
        SFR22            00B00-00B6F              70           1
        SFR23            00B80-00BEF              70           1
        SFR24            00C00-00C6F              70           1
        SFR25            00C80-00CEF              70           1
        SFR26            00D00-00D6F              70           1
        SFR27            00D80-00DEF              70           1
        SFR28            00E00-00E6F              70           1
        SFR29            00E80-00EEF              70           1
        SFR3             00180-0019F              20           1
        SFR30            00F00-00F6F              70           1
        SFR31            00F80-00FEF              70           1
        SFR4             00200-0021F              20           1
        SFR5             00280-002EF              70           1
        SFR6             00300-0036F              70           1
        SFR7             00380-003EF              70           1
        SFR8             00400-0046F              70           1
        SFR9             00480-004EF              70           1
        STACK            02024-0216F             14C           1
        STRCODE          00004-004A7             4A4           2
                         00800-00FFF             800
        STRING           00004-004A7             100           2
                         00800-00FFF             100

                                  Symbol Table

?___awdiv                        cstackCOMMON 00070
?___awmod                        cstackCOMMON 00070
_ANSELA                          (abs)        0018C
_ANSELB                          (abs)        0018D
_APFCON0                         (abs)        0011D
_APFCON1                         (abs)        0011E
_BORCON                          (abs)        00116
_LATA                            (abs)        0010C
_LATAbits                        (abs)        0010C
_LATB                            (abs)        0010D
_OPTION_REGbits                  (abs)        00095
_OSCCON                          (abs)        00099
_OSCILLATOR_Initialize           text22       004B3
_OSCTUNE                         (abs)        00098
_PIN_MANAGER_Initialize          text21       00555
_PORTAbits                       (abs)        0000C
_SSP2ADD                         (abs)        0021A
_SSP2BUF                         (abs)        00219
_SSP2CON1                        (abs)        0021D
_SSP2CON1bits                    (abs)        0021D
_SSP2CON2                        (abs)        0021E
_SSP2CON2bits                    (abs)        0021E
_SSP2STAT                        (abs)        0021C
_SSP2STATbits                    (abs)        0021C
_SYSTEM_Initialize               text19       004DB
_TRISA                           (abs)        0008C
_TRISAbits                       (abs)        0008C
_TRISB                           (abs)        0008D
_TRISB2                          (abs)        0046A
_TRISB5                          (abs)        0046D
_WDTCON                          (abs)        00097
_WDT_Initialize                  text20       004A9
_WPUA                            (abs)        0020C
_WPUB                            (abs)        0020D
__Habs1                          abs1         00000
__Hbank0                         bank0        00000
__Hbank1                         bank1        00000
__Hbank10                        bank10       00000
__Hbank11                        bank11       00000
__Hbank12                        bank12       00000
__Hbank13                        bank13       00000
__Hbank14                        bank14       00000
__Hbank15                        bank15       00000
__Hbank16                        bank16       00000
__Hbank17                        bank17       00000
__Hbank18                        bank18       00000
__Hbank19                        bank19       00000
__Hbank2                         bank2        00000
__Hbank20                        bank20       00000
__Hbank21                        bank21       00000
__Hbank22                        bank22       00000
__Hbank23                        bank23       00000
__Hbank24                        bank24       00000
__Hbank25                        bank25       00000
__Hbank26                        bank26       00000
__Hbank27                        bank27       00000
__Hbank28                        bank28       00000
__Hbank29                        bank29       00000
__Hbank3                         bank3        00000
__Hbank30                        bank30       00000
__Hbank31                        bank31       00000
__Hbank4                         bank4        00000
__Hbank5                         bank5        00000
__Hbank6                         bank6        00000
__Hbank7                         bank7        00000
__Hbank8                         bank8        00000
__Hbank9                         bank9        00000
__Hbigram                        bigram       00000
__HbssBANK0                      bssBANK0     00000
__HbssCOMMON                     bssCOMMON    00000
__Hcinit                         cinit        00800
__Hclrtext                       clrtext      00000
__Hcode                          code         00000
__Hcommon                        common       00000
__Hconfig                        config       08009
__HcstackBANK0                   cstackBANK0  00000
__HcstackCOMMON                  cstackCOMMON 00000
__HdataBANK0                     dataBANK0    00000
__Heeprom_data                   eeprom_data  00000
__Hend_init                      end_init     00004
__Hfunctab                       functab      00000
__HidataBANK0                    idataBANK0   00000
__Hinit                          init         00002
__Hinittext                      inittext     00000
__Hintentry                      intentry     00002
__Hmaintext                      maintext     00000
__HnvBANK0                       nvBANK0      00000
__Hpowerup                       powerup      00000
__Hram                           ram          00000
__Hreset_vec                     reset_vec    00002
__Hsfr0                          sfr0         00000
__Hsfr1                          sfr1         00000
__Hsfr10                         sfr10        00000
__Hsfr11                         sfr11        00000
__Hsfr12                         sfr12        00000
__Hsfr13                         sfr13        00000
__Hsfr14                         sfr14        00000
__Hsfr15                         sfr15        00000
__Hsfr16                         sfr16        00000
__Hsfr17                         sfr17        00000
__Hsfr18                         sfr18        00000
__Hsfr19                         sfr19        00000
__Hsfr2                          sfr2         00000
__Hsfr20                         sfr20        00000
__Hsfr21                         sfr21        00000
__Hsfr22                         sfr22        00000
__Hsfr23                         sfr23        00000
__Hsfr24                         sfr24        00000
__Hsfr25                         sfr25        00000
__Hsfr26                         sfr26        00000
__Hsfr27                         sfr27        00000
__Hsfr28                         sfr28        00000
__Hsfr29                         sfr29        00000
__Hsfr3                          sfr3         00000
__Hsfr30                         sfr30        00000
__Hsfr31                         sfr31        00000
__Hsfr4                          sfr4         00000
__Hsfr5                          sfr5         00000
__Hsfr6                          sfr6         00000
__Hsfr7                          sfr7         00000
__Hsfr8                          sfr8         00000
__Hsfr9                          sfr9         00000
__Hspace_0                       (abs)        00800
__Hspace_1                       (abs)        0007E
__Hspace_2                       (abs)        00000
__Hspace_3                       (abs)        00000
__Hspace_4                       (abs)        10010
__Hstack                         stack        00000
__Hstrings                       strings      00000
__Htext                          text         00000
__Labs1                          abs1         00000
__Lbank0                         bank0        00000
__Lbank1                         bank1        00000
__Lbank10                        bank10       00000
__Lbank11                        bank11       00000
__Lbank12                        bank12       00000
__Lbank13                        bank13       00000
__Lbank14                        bank14       00000
__Lbank15                        bank15       00000
__Lbank16                        bank16       00000
__Lbank17                        bank17       00000
__Lbank18                        bank18       00000
__Lbank19                        bank19       00000
__Lbank2                         bank2        00000
__Lbank20                        bank20       00000
__Lbank21                        bank21       00000
__Lbank22                        bank22       00000
__Lbank23                        bank23       00000
__Lbank24                        bank24       00000
__Lbank25                        bank25       00000
__Lbank26                        bank26       00000
__Lbank27                        bank27       00000
__Lbank28                        bank28       00000
__Lbank29                        bank29       00000
__Lbank3                         bank3        00000
__Lbank30                        bank30       00000
__Lbank31                        bank31       00000
__Lbank4                         bank4        00000
__Lbank5                         bank5        00000
__Lbank6                         bank6        00000
__Lbank7                         bank7        00000
__Lbank8                         bank8        00000
__Lbank9                         bank9        00000
__Lbigram                        bigram       00000
__LbssBANK0                      bssBANK0     00000
__LbssCOMMON                     bssCOMMON    00000
__Lcinit                         cinit        007EB
__Lclrtext                       clrtext      00000
__Lcode                          code         00000
__Lcommon                        common       00000
__Lconfig                        config       00000
__LcstackBANK0                   cstackBANK0  00000
__LcstackCOMMON                  cstackCOMMON 00000
__LdataBANK0                     dataBANK0    00000
__Leeprom_data                   eeprom_data  00000
__Lend_init                      end_init     00002
__Lfunctab                       functab      00000
__LidataBANK0                    idataBANK0   00000
__Linit                          init         00002
__Linittext                      inittext     00000
__Lintentry                      intentry     00002
__Lmaintext                      maintext     00000
__LnvBANK0                       nvBANK0      00000
__Lpowerup                       powerup      00000
__Lram                           ram          00000
__Lreset_vec                     reset_vec    00000
__Lsfr0                          sfr0         00000
__Lsfr1                          sfr1         00000
__Lsfr10                         sfr10        00000
__Lsfr11                         sfr11        00000
__Lsfr12                         sfr12        00000
__Lsfr13                         sfr13        00000
__Lsfr14                         sfr14        00000
__Lsfr15                         sfr15        00000
__Lsfr16                         sfr16        00000
__Lsfr17                         sfr17        00000
__Lsfr18                         sfr18        00000
__Lsfr19                         sfr19        00000
__Lsfr2                          sfr2         00000
__Lsfr20                         sfr20        00000
__Lsfr21                         sfr21        00000
__Lsfr22                         sfr22        00000
__Lsfr23                         sfr23        00000
__Lsfr24                         sfr24        00000
__Lsfr25                         sfr25        00000
__Lsfr26                         sfr26        00000
__Lsfr27                         sfr27        00000
__Lsfr28                         sfr28        00000
__Lsfr29                         sfr29        00000
__Lsfr3                          sfr3         00000
__Lsfr30                         sfr30        00000
__Lsfr31                         sfr31        00000
__Lsfr4                          sfr4         00000
__Lsfr5                          sfr5         00000
__Lsfr6                          sfr6         00000
__Lsfr7                          sfr7         00000
__Lsfr8                          sfr8         00000
__Lsfr9                          sfr9         00000
__Lspace_0                       (abs)        00000
__Lspace_1                       (abs)        00000
__Lspace_2                       (abs)        00000
__Lspace_3                       (abs)        00000
__Lspace_4                       (abs)        00000
__Lstack                         stack        00000
__Lstrings                       strings      00000
__Ltext                          text         00000
__S0                             (abs)        00800
__S1                             (abs)        0007E
__S2                             (abs)        00000
__S3                             (abs)        00000
___awdiv                         text10       0064F
___awdiv@counter                 cstackCOMMON 00075
___awdiv@dividend                cstackCOMMON 00072
___awdiv@divisor                 cstackCOMMON 00070
___awdiv@quotient                cstackCOMMON 00077
___awdiv@sign                    cstackCOMMON 00076
___awmod                         text9        005FC
___awmod@counter                 cstackCOMMON 00075
___awmod@dividend                cstackCOMMON 00072
___awmod@divisor                 cstackCOMMON 00070
___awmod@sign                    cstackCOMMON 00076
___bmul                          text18       00540
___bmul@multiplicand             cstackCOMMON 00070
___bmul@multiplier               cstackCOMMON 00073
___bmul@product                  cstackCOMMON 00072
___int_sp                        stack        00000
___latbits                       (abs)        00001
___sp                            stack        00000
___stackhi                       (abs)        0216F
___stacklo                       (abs)        02024
__end_of_OSCILLATOR_Initialize   text22       004BA
__end_of_PIN_MANAGER_Initialize  text21       0056C
__end_of_SYSTEM_Initialize       text19       004E5
__end_of_WDT_Initialize          text20       004AD
__end_of___awdiv                 text10       006AE
__end_of___awmod                 text9        0064F
__end_of___bmul                  text18       00555
__end_of__initialization         cinit        007FD
__end_of_bcd_2_decimal           text17       00540
__end_of_bit_delay               text5        004A9
__end_of_encode_dig              text8        004C9
__end_of_i2c_start               text15       004EF
__end_of_i2c_stop                text14       004C1
__end_of_i2c_wait                text16       004FB
__end_of_main                    maintext     0077A
__end_of_read_dates              text11       00710
__end_of_recv_byte               text13       00583
__end_of_rtc_display             text2        007EB
__end_of_set_brigthness          text1        0052C
__end_of_set_segments            text3        005BD
__end_of_start                   text7        004D2
__end_of_stop                    text6        004DB
__end_of_write_byte              text12       00519
__end_of_write_data              text4        005FC
__initialization                 cinit        007EB
__pbssBANK0                      bssBANK0     0003D
__pbssCOMMON                     bssCOMMON    0007D
__pcstackBANK0                   cstackBANK0  00020
__pcstackCOMMON                  cstackCOMMON 00070
__pdataBANK0                     dataBANK0    0002F
__pidataBANK0                    idataBANK0   004FB
__pmaintext                      maintext     00710
__pnvBANK0                       nvBANK0      00042
__ptext1                         text1        00519
__ptext10                        text10       0064F
__ptext11                        text11       006AE
__ptext12                        text12       00509
__ptext13                        text13       0056C
__ptext14                        text14       004BA
__ptext15                        text15       004E5
__ptext16                        text16       004EF
__ptext17                        text17       0052C
__ptext18                        text18       00540
__ptext19                        text19       004DB
__ptext2                         text2        0077A
__ptext20                        text20       004A9
__ptext21                        text21       00555
__ptext22                        text22       004B3
__ptext3                         text3        00583
__ptext4                         text4        005BD
__ptext5                         text5        004A8
__ptext6                         text6        004D2
__ptext7                         text7        004C9
__ptext8                         text8        004C1
__ptext9                         text9        005FC
__size_of_OSCILLATOR_Initialize  (abs)        00000
__size_of_PIN_MANAGER_Initialize (abs)        00000
__size_of_SYSTEM_Initialize      (abs)        00000
__size_of_WDT_Initialize         (abs)        00000
__size_of___awdiv                (abs)        00000
__size_of___awmod                (abs)        00000
__size_of___bmul                 (abs)        00000
__size_of_bcd_2_decimal          (abs)        00000
__size_of_bit_delay              (abs)        00000
__size_of_encode_dig             (abs)        00000
__size_of_i2c_start              (abs)        00000
__size_of_i2c_stop               (abs)        00000
__size_of_i2c_wait               (abs)        00000
__size_of_main                   (abs)        00000
__size_of_read_dates             (abs)        00000
__size_of_recv_byte              (abs)        00000
__size_of_rtc_display            (abs)        00000
__size_of_set_brigthness         (abs)        00000
__size_of_set_segments           (abs)        00000
__size_of_start                  (abs)        00000
__size_of_stop                   (abs)        00000
__size_of_write_byte             (abs)        00000
__size_of_write_data             (abs)        00000
_bcd_2_decimal                   text17       0052C
_bit_delay                       text5        004A8
_cnt                             bssBANK0     00041
_encode_dig                      text8        004C1
_i2c_start                       text15       004E5
_i2c_stop                        text14       004BA
_i2c_wait                        text16       004EF
_m_brightness                    bssCOMMON    0007D
_main                            maintext     00710
_min                             nvBANK0      00043
_read_dates                      text11       006AE
_recv_byte                       text13       0056C
_rtc_display                     text2        0077A
_sec                             nvBANK0      00042
_segdata                         dataBANK0    0002F
_set_brigthness                  text1        00519
_set_segments                    text3        00583
_start                           text7        004C9
_stop                            text6        004D2
_write_byte                      text12       00509
_write_data                      text4        005BD
bcd_2_decimal@number             cstackCOMMON 00077
btemp                            (abs)        0007E
encode_dig@digit                 cstackCOMMON 00070
end_of_initialization            cinit        007FD
init_ram                         inittext     004AD
intlevel0                        functab      00000
intlevel1                        functab      00000
intlevel2                        functab      00000
intlevel3                        functab      00000
intlevel4                        functab      00000
intlevel5                        functab      00000
main@date                        cstackBANK0  00029
read_dates@min                   cstackCOMMON 0007A
read_dates@sec                   cstackCOMMON 00078
recv_byte@ack                    cstackCOMMON 00071
recv_byte@data                   cstackCOMMON 00072
reset_vec                        reset_vec    00000
rtc_display@F2398                dataBANK0    00039
rtc_display@date                 cstackBANK0  00026
rtc_display@segments             cstackBANK0  00022
set_brigthness@brightness        cstackCOMMON 00072
set_brigthness@on                cstackCOMMON 00070
set_segments@k                   cstackCOMMON 00079
set_segments@length              cstackCOMMON 00075
set_segments@pos                 cstackCOMMON 00076
set_segments@segments            cstackCOMMON 00078
start                            init         00002
start_initialization             cinit        007EB
write_byte@data                  cstackCOMMON 00070
write_data@ack                   cstackCOMMON 00072
write_data@b                     cstackCOMMON 00071
write_data@data                  cstackCOMMON 00073
write_data@i                     cstackCOMMON 00074
wtemp0                           (abs)        0007E


FUNCTION INFORMATION:

 *************** function _main *****************
 Defined at:
		line 11 in file "main.c"
 Parameters:    Size  Location     Type
		None
 Auto vars:     Size  Location     Type
  date            6    9[BANK0 ] struct Date
 Return value:  Size  Location     Type
                  1    wreg      void 
 Registers used:
		wreg, fsr1l, fsr1h, status,2, status,0, pclath, cstack
 Tracked objects:
		On entry : 
		On exit  : 
		Unchanged: 
 Data sizes:     COMMON   BANK0   BANK1   BANK2   BANK3   BANK4
      Params:         0       0       0       0       0       0
      Locals:         0       6       0       0       0       0
      Temps:          0       2       0       0       0       0
      Totals:         0       8       0       0       0       0
Total ram usage:        8 bytes
 Hardware stack levels required when called:    4
 This function calls:
		_SYSTEM_Initialize
		_read_dates
		_rtc_display
		_set_brigthness
 This function is called by:
		Startup code after reset
 This function uses a non-reentrant model


 *************** function _set_brigthness *****************
 Defined at:
		line 97 in file "TM1637.c"
 Parameters:    Size  Location     Type
  brightness      1    wreg     unsigned char 
  on              1    0[COMMON] unsigned char 
 Auto vars:     Size  Location     Type
  brightness      1    2[COMMON] unsigned char 
 Return value:  Size  Location     Type
                  1    wreg      void 
 Registers used:
		wreg, status,2, status,0
 Tracked objects:
		On entry : 
		On exit  : 
		Unchanged: 
 Data sizes:     COMMON   BANK0   BANK1   BANK2   BANK3   BANK4
      Params:         1       0       0       0       0       0
      Locals:         1       0       0       0       0       0
      Temps:          1       0       0       0       0       0
      Totals:         3       0       0       0       0       0
Total ram usage:        3 bytes
 Hardware stack levels used:    1
 This function calls:
		Nothing
 This function is called by:
		_main
 This function uses a non-reentrant model


 *************** function _rtc_display *****************
 Defined at:
		line 59 in file "main.c"
 Parameters:    Size  Location     Type
  date            1    wreg     PTR struct Date
		 -> main@date(6), 
 Auto vars:     Size  Location     Type
  date            1    6[BANK0 ] PTR struct Date
		 -> main@date(6), 
  segments        4    2[BANK0 ] unsigned char [4]
  month           1    0        unsigned char 
  year            1    0        unsigned char 
 Return value:  Size  Location     Type
                  1    wreg      void 
 Registers used:
		wreg, fsr1l, fsr1h, status,2, status,0, pclath, cstack
 Tracked objects:
		On entry : 
		On exit  : 
		Unchanged: 
 Data sizes:     COMMON   BANK0   BANK1   BANK2   BANK3   BANK4
      Params:         0       0       0       0       0       0
      Locals:         0       7       0       0       0       0
      Temps:          3       0       0       0       0       0
      Totals:         3       7       0       0       0       0
Total ram usage:       10 bytes
 Hardware stack levels used:    1
 Hardware stack levels required when called:    3
 This function calls:
		___awdiv
		___awmod
		_encode_dig
		_set_segments
 This function is called by:
		_main
 This function uses a non-reentrant model


 *************** function _set_segments *****************
 Defined at:
		line 105 in file "TM1637.c"
 Parameters:    Size  Location     Type
  segments        1    wreg     PTR const unsigned char 
		 -> clear@data(4), rtc_display@segments(4), 
  length          1    5[COMMON] unsigned char 
  pos             1    6[COMMON] unsigned char 
 Auto vars:     Size  Location     Type
  segments        1    8[COMMON] PTR const unsigned char 
		 -> clear@data(4), rtc_display@segments(4), 
  k               1    9[COMMON] unsigned char 
 Return value:  Size  Location     Type
                  1    wreg      void 
 Registers used:
		wreg, fsr1l, fsr1h, status,2, status,0, pclath, cstack
 Tracked objects:
		On entry : 
		On exit  : 
		Unchanged: 
 Data sizes:     COMMON   BANK0   BANK1   BANK2   BANK3   BANK4
      Params:         2       0       0       0       0       0
      Locals:         2       0       0       0       0       0
      Temps:          1       0       0       0       0       0
      Totals:         5       0       0       0       0       0
Total ram usage:        5 bytes
 Hardware stack levels used:    1
 Hardware stack levels required when called:    2
 This function calls:
		_start
		_stop
		_write_data
 This function is called by:
		_rtc_display
		_clear
 This function uses a non-reentrant model


 *************** function _write_data *****************
 Defined at:
		line 56 in file "TM1637.c"
 Parameters:    Size  Location     Type
  b               1    wreg     unsigned char 
 Auto vars:     Size  Location     Type
  b               1    1[COMMON] unsigned char 
  i               1    4[COMMON] unsigned char 
  data            1    3[COMMON] unsigned char 
  ack             1    2[COMMON] unsigned char 
 Return value:  Size  Location     Type
                  1    wreg      unsigned char 
 Registers used:
		wreg, status,2, status,0, pclath, cstack
 Tracked objects:
		On entry : 
		On exit  : 
		Unchanged: 
 Data sizes:     COMMON   BANK0   BANK1   BANK2   BANK3   BANK4
      Params:         0       0       0       0       0       0
      Locals:         4       0       0       0       0       0
      Temps:          1       0       0       0       0       0
      Totals:         5       0       0       0       0       0
Total ram usage:        5 bytes
 Hardware stack levels used:    1
 Hardware stack levels required when called:    1
 This function calls:
		_bit_delay
 This function is called by:
		_set_segments
 This function uses a non-reentrant model


 *************** function _bit_delay *****************
 Defined at:
		line 30 in file "TM1637.c"
 Parameters:    Size  Location     Type
		None
 Auto vars:     Size  Location     Type
		None
 Return value:  Size  Location     Type
                  1    wreg      void 
 Registers used:
		None
 Tracked objects:
		On entry : 
		On exit  : 
		Unchanged: 
 Data sizes:     COMMON   BANK0   BANK1   BANK2   BANK3   BANK4
      Params:         0       0       0       0       0       0
      Locals:         0       0       0       0       0       0
      Temps:          0       0       0       0       0       0
      Totals:         0       0       0       0       0       0
Total ram usage:        0 bytes
 Hardware stack levels used:    1
 This function calls:
		Nothing
 This function is called by:
		_write_data
 This function uses a non-reentrant model


 *************** function _stop *****************
 Defined at:
		line 45 in file "TM1637.c"
 Parameters:    Size  Location     Type
		None
 Auto vars:     Size  Location     Type
		None
 Return value:  Size  Location     Type
                  1    wreg      void 
 Registers used:
		None
 Tracked objects:
		On entry : 
		On exit  : 
		Unchanged: 
 Data sizes:     COMMON   BANK0   BANK1   BANK2   BANK3   BANK4
      Params:         0       0       0       0       0       0
      Locals:         0       0       0       0       0       0
      Temps:          0       0       0       0       0       0
      Totals:         0       0       0       0       0       0
Total ram usage:        0 bytes
 Hardware stack levels used:    1
 This function calls:
		Nothing
 This function is called by:
		_set_segments
 This function uses a non-reentrant model


 *************** function _start *****************
 Defined at:
		line 34 in file "TM1637.c"
 Parameters:    Size  Location     Type
		None
 Auto vars:     Size  Location     Type
		None
 Return value:  Size  Location     Type
                  1    wreg      void 
 Registers used:
		None
 Tracked objects:
		On entry : 
		On exit  : 
		Unchanged: 
 Data sizes:     COMMON   BANK0   BANK1   BANK2   BANK3   BANK4
      Params:         0       0       0       0       0       0
      Locals:         0       0       0       0       0       0
      Temps:          0       0       0       0       0       0
      Totals:         0       0       0       0       0       0
Total ram usage:        0 bytes
 Hardware stack levels used:    1
 This function calls:
		Nothing
 This function is called by:
		_set_segments
 This function uses a non-reentrant model


 *************** function _encode_dig *****************
 Defined at:
		line 134 in file "TM1637.c"
 Parameters:    Size  Location     Type
  digit           1    wreg     unsigned char 
 Auto vars:     Size  Location     Type
  digit           1    0[COMMON] unsigned char 
 Return value:  Size  Location     Type
                  1    wreg      unsigned char 
 Registers used:
		wreg, fsr1l, fsr1h, status,2, status,0
 Tracked objects:
		On entry : 
		On exit  : 
		Unchanged: 
 Data sizes:     COMMON   BANK0   BANK1   BANK2   BANK3   BANK4
      Params:         0       0       0       0       0       0
      Locals:         1       0       0       0       0       0
      Temps:          0       0       0       0       0       0
      Totals:         1       0       0       0       0       0
Total ram usage:        1 bytes
 Hardware stack levels used:    1
 This function calls:
		Nothing
 This function is called by:
		_rtc_display
 This function uses a non-reentrant model


 *************** function ___awmod *****************
 Defined at:
		line 5 in file "C:\Program Files\Microchip\xc8\v2.30\pic\sources\c90\common\awmod.c"
 Parameters:    Size  Location     Type
  divisor         2    0[COMMON] int 
  dividend        2    2[COMMON] int 
 Auto vars:     Size  Location     Type
  sign            1    6[COMMON] unsigned char 
  counter         1    5[COMMON] unsigned char 
 Return value:  Size  Location     Type
                  2    0[COMMON] int 
 Registers used:
		wreg, status,2, status,0
 Tracked objects:
		On entry : 
		On exit  : 
		Unchanged: 
 Data sizes:     COMMON   BANK0   BANK1   BANK2   BANK3   BANK4
      Params:         4       0       0       0       0       0
      Locals:         2       0       0       0       0       0
      Temps:          1       0       0       0       0       0
      Totals:         7       0       0       0       0       0
Total ram usage:        7 bytes
 Hardware stack levels used:    1
 This function calls:
		Nothing
 This function is called by:
		_rtc_display
		_decimal_2_bcd
 This function uses a non-reentrant model


 *************** function ___awdiv *****************
 Defined at:
		line 5 in file "C:\Program Files\Microchip\xc8\v2.30\pic\sources\c90\common\awdiv.c"
 Parameters:    Size  Location     Type
  divisor         2    0[COMMON] int 
  dividend        2    2[COMMON] int 
 Auto vars:     Size  Location     Type
  quotient        2    7[COMMON] int 
  sign            1    6[COMMON] unsigned char 
  counter         1    5[COMMON] unsigned char 
 Return value:  Size  Location     Type
                  2    0[COMMON] int 
 Registers used:
		wreg, status,2, status,0
 Tracked objects:
		On entry : 
		On exit  : 
		Unchanged: 
 Data sizes:     COMMON   BANK0   BANK1   BANK2   BANK3   BANK4
      Params:         4       0       0       0       0       0
      Locals:         4       0       0       0       0       0
      Temps:          1       0       0       0       0       0
      Totals:         9       0       0       0       0       0
Total ram usage:        9 bytes
 Hardware stack levels used:    1
 This function calls:
		Nothing
 This function is called by:
		_rtc_display
		_decimal_2_bcd
 This function uses a non-reentrant model


 *************** function _read_dates *****************
 Defined at:
		line 65 in file "DS3231.c"
 Parameters:    Size  Location     Type
  min             1    wreg     PTR unsigned char 
		 -> min(1), 
  sec             1    8[COMMON] PTR unsigned char 
		 -> sec(1), 
 Auto vars:     Size  Location     Type
  min             1   10[COMMON] PTR unsigned char 
		 -> min(1), 
 Return value:  Size  Location     Type
                  1    wreg      void 
 Registers used:
		wreg, fsr1l, fsr1h, status,2, status,0, pclath, cstack
 Tracked objects:
		On entry : 
		On exit  : 
		Unchanged: 
 Data sizes:     COMMON   BANK0   BANK1   BANK2   BANK3   BANK4
      Params:         1       0       0       0       0       0
      Locals:         1       0       0       0       0       0
      Temps:          1       0       0       0       0       0
      Totals:         3       0       0       0       0       0
Total ram usage:        3 bytes
 Hardware stack levels used:    1
 Hardware stack levels required when called:    2
 This function calls:
		_bcd_2_decimal
		_i2c_start
		_i2c_stop
		_recv_byte
		_write_byte
 This function is called by:
		_main
 This function uses a non-reentrant model


 *************** function _write_byte *****************
 Defined at:
		line 33 in file "i2c.c"
 Parameters:    Size  Location     Type
  data            1    wreg     unsigned char 
 Auto vars:     Size  Location     Type
  data            1    0[COMMON] unsigned char 
 Return value:  Size  Location     Type
                  1    wreg      void 
 Registers used:
		wreg, status,2, status,0, pclath, cstack
 Tracked objects:
		On entry : 
		On exit  : 
		Unchanged: 
 Data sizes:     COMMON   BANK0   BANK1   BANK2   BANK3   BANK4
      Params:         0       0       0       0       0       0
      Locals:         1       0       0       0       0       0
      Temps:          0       0       0       0       0       0
      Totals:         1       0       0       0       0       0
Total ram usage:        1 bytes
 Hardware stack levels used:    1
 Hardware stack levels required when called:    1
 This function calls:
		_i2c_wait
 This function is called by:
		_read_dates
		_i2c_cmd
		_recv_data
		_write_date
		_read_date
 This function uses a non-reentrant model


 *************** function _recv_byte *****************
 Defined at:
		line 48 in file "i2c.c"
 Parameters:    Size  Location     Type
  ack             1    wreg     unsigned char 
 Auto vars:     Size  Location     Type
  ack             1    1[COMMON] unsigned char 
  data            1    2[COMMON] unsigned char 
 Return value:  Size  Location     Type
                  1    wreg      unsigned char 
 Registers used:
		wreg, status,2, status,0, pclath, cstack
 Tracked objects:
		On entry : 
		On exit  : 
		Unchanged: 
 Data sizes:     COMMON   BANK0   BANK1   BANK2   BANK3   BANK4
      Params:         0       0       0       0       0       0
      Locals:         2       0       0       0       0       0
      Temps:          1       0       0       0       0       0
      Totals:         3       0       0       0       0       0
Total ram usage:        3 bytes
 Hardware stack levels used:    1
 Hardware stack levels required when called:    1
 This function calls:
		_i2c_wait
 This function is called by:
		_read_dates
		_recv_data
		_read_date
 This function uses a non-reentrant model


 *************** function _i2c_stop *****************
 Defined at:
		line 22 in file "i2c.c"
 Parameters:    Size  Location     Type
		None
 Auto vars:     Size  Location     Type
		None
 Return value:  Size  Location     Type
                  1    wreg      void 
 Registers used:
		None
 Tracked objects:
		On entry : 
		On exit  : 
		Unchanged: 
 Data sizes:     COMMON   BANK0   BANK1   BANK2   BANK3   BANK4
      Params:         0       0       0       0       0       0
      Locals:         0       0       0       0       0       0
      Temps:          0       0       0       0       0       0
      Totals:         0       0       0       0       0       0
Total ram usage:        0 bytes
 Hardware stack levels used:    1
 This function calls:
		Nothing
 This function is called by:
		_read_dates
		_i2c_cmd
		_recv_data
		_write_date
		_read_date
 This function uses a non-reentrant model


 *************** function _i2c_start *****************
 Defined at:
		line 16 in file "i2c.c"
 Parameters:    Size  Location     Type
		None
 Auto vars:     Size  Location     Type
		None
 Return value:  Size  Location     Type
                  1    wreg      void 
 Registers used:
		wreg, status,2, status,0, pclath, cstack
 Tracked objects:
		On entry : 
		On exit  : 
		Unchanged: 
 Data sizes:     COMMON   BANK0   BANK1   BANK2   BANK3   BANK4
      Params:         0       0       0       0       0       0
      Locals:         0       0       0       0       0       0
      Temps:          0       0       0       0       0       0
      Totals:         0       0       0       0       0       0
Total ram usage:        0 bytes
 Hardware stack levels used:    1
 Hardware stack levels required when called:    1
 This function calls:
		_i2c_wait
 This function is called by:
		_read_dates
		_i2c_cmd
		_recv_data
		_write_date
		_read_date
 This function uses a non-reentrant model


 *************** function _i2c_wait *****************
 Defined at:
		line 12 in file "i2c.c"
 Parameters:    Size  Location     Type
		None
 Auto vars:     Size  Location     Type
		None
 Return value:  Size  Location     Type
                  1    wreg      void 
 Registers used:
		wreg, status,2
 Tracked objects:
		On entry : 
		On exit  : 
		Unchanged: 
 Data sizes:     COMMON   BANK0   BANK1   BANK2   BANK3   BANK4
      Params:         0       0       0       0       0       0
      Locals:         0       0       0       0       0       0
      Temps:          0       0       0       0       0       0
      Totals:         0       0       0       0       0       0
Total ram usage:        0 bytes
 Hardware stack levels used:    1
 This function calls:
		Nothing
 This function is called by:
		_i2c_start
		_write_byte
		_recv_byte
		_i2c_repeated_start
 This function uses a non-reentrant model


 *************** function _bcd_2_decimal *****************
 Defined at:
		line 14 in file "DS3231.c"
 Parameters:    Size  Location     Type
  number          1    wreg     unsigned char 
 Auto vars:     Size  Location     Type
  number          1    7[COMMON] unsigned char 
 Return value:  Size  Location     Type
                  1    wreg      unsigned char 
 Registers used:
		wreg, status,2, status,0, pclath, cstack
 Tracked objects:
		On entry : 
		On exit  : 
		Unchanged: 
 Data sizes:     COMMON   BANK0   BANK1   BANK2   BANK3   BANK4
      Params:         0       0       0       0       0       0
      Locals:         1       0       0       0       0       0
      Temps:          3       0       0       0       0       0
      Totals:         4       0       0       0       0       0
Total ram usage:        4 bytes
 Hardware stack levels used:    1
 Hardware stack levels required when called:    1
 This function calls:
		___bmul
 This function is called by:
		_read_dates
		_read_date
 This function uses a non-reentrant model


 *************** function ___bmul *****************
 Defined at:
		line 4 in file "C:\Program Files\Microchip\xc8\v2.30\pic\sources\c90\common\Umul8.c"
 Parameters:    Size  Location     Type
  multiplier      1    wreg     unsigned char 
  multiplicand    1    0[COMMON] unsigned char 
 Auto vars:     Size  Location     Type
  multiplier      1    3[COMMON] unsigned char 
  product         1    2[COMMON] unsigned char 
 Return value:  Size  Location     Type
                  1    wreg      unsigned char 
 Registers used:
		wreg, status,2, status,0
 Tracked objects:
		On entry : 
		On exit  : 
		Unchanged: 
 Data sizes:     COMMON   BANK0   BANK1   BANK2   BANK3   BANK4
      Params:         1       0       0       0       0       0
      Locals:         2       0       0       0       0       0
      Temps:          1       0       0       0       0       0
      Totals:         4       0       0       0       0       0
Total ram usage:        4 bytes
 Hardware stack levels used:    1
 This function calls:
		Nothing
 This function is called by:
		_bcd_2_decimal
 This function uses a non-reentrant model


 *************** function _SYSTEM_Initialize *****************
 Defined at:
		line 50 in file "mcc_generated_files/mcc.c"
 Parameters:    Size  Location     Type
		None
 Auto vars:     Size  Location     Type
		None
 Return value:  Size  Location     Type
                  1    wreg      void 
 Registers used:
		wreg, status,2, status,0, pclath, cstack
 Tracked objects:
		On entry : 
		On exit  : 
		Unchanged: 
 Data sizes:     COMMON   BANK0   BANK1   BANK2   BANK3   BANK4
      Params:         0       0       0       0       0       0
      Locals:         0       0       0       0       0       0
      Temps:          0       0       0       0       0       0
      Totals:         0       0       0       0       0       0
Total ram usage:        0 bytes
 Hardware stack levels used:    1
 Hardware stack levels required when called:    1
 This function calls:
		_OSCILLATOR_Initialize
		_PIN_MANAGER_Initialize
		_WDT_Initialize
 This function is called by:
		_main
 This function uses a non-reentrant model


 *************** function _WDT_Initialize *****************
 Defined at:
		line 68 in file "mcc_generated_files/mcc.c"
 Parameters:    Size  Location     Type
		None
 Auto vars:     Size  Location     Type
		None
 Return value:  Size  Location     Type
                  1    wreg      void 
 Registers used:
		wreg
 Tracked objects:
		On entry : 
		On exit  : 
		Unchanged: 
 Data sizes:     COMMON   BANK0   BANK1   BANK2   BANK3   BANK4
      Params:         0       0       0       0       0       0
      Locals:         0       0       0       0       0       0
      Temps:          0       0       0       0       0       0
      Totals:         0       0       0       0       0       0
Total ram usage:        0 bytes
 Hardware stack levels used:    1
 This function calls:
		Nothing
 This function is called by:
		_SYSTEM_Initialize
 This function uses a non-reentrant model


 *************** function _PIN_MANAGER_Initialize *****************
 Defined at:
		line 55 in file "mcc_generated_files/pin_manager.c"
 Parameters:    Size  Location     Type
		None
 Auto vars:     Size  Location     Type
		None
 Return value:  Size  Location     Type
                  1    wreg      void 
 Registers used:
		wreg, status,2
 Tracked objects:
		On entry : 
		On exit  : 
		Unchanged: 
 Data sizes:     COMMON   BANK0   BANK1   BANK2   BANK3   BANK4
      Params:         0       0       0       0       0       0
      Locals:         0       0       0       0       0       0
      Temps:          0       0       0       0       0       0
      Totals:         0       0       0       0       0       0
Total ram usage:        0 bytes
 Hardware stack levels used:    1
 This function calls:
		Nothing
 This function is called by:
		_SYSTEM_Initialize
 This function uses a non-reentrant model


 *************** function _OSCILLATOR_Initialize *****************
 Defined at:
		line 58 in file "mcc_generated_files/mcc.c"
 Parameters:    Size  Location     Type
		None
 Auto vars:     Size  Location     Type
		None
 Return value:  Size  Location     Type
                  1    wreg      void 
 Registers used:
		wreg, status,2
 Tracked objects:
		On entry : 
		On exit  : 
		Unchanged: 
 Data sizes:     COMMON   BANK0   BANK1   BANK2   BANK3   BANK4
      Params:         0       0       0       0       0       0
      Locals:         0       0       0       0       0       0
      Temps:          0       0       0       0       0       0
      Totals:         0       0       0       0       0       0
Total ram usage:        0 bytes
 Hardware stack levels used:    1
 This function calls:
		Nothing
 This function is called by:
		_SYSTEM_Initialize
 This function uses a non-reentrant model



MODULE INFORMATION

Module		Function		Class		Link	Load	Size
TM1637.c
		_set_segments  		CODE           	0583	0000	58
		_write_data    		CODE           	05BD	0000	63
		_stop          		CODE           	04D2	0000	9
		_set_brigthness		CODE           	0519	0000	19
		_encode_dig    		CODE           	04C1	0000	8
		_start         		CODE           	04C9	0000	9
		_bit_delay     		CODE           	04A8	0000	1

TM1637.c estimated size: 167

C:\Program Files\Microchip\xc8\v2.30\pic\sources\c90\common\awmod.c
		___awmod       		CODE           	05FC	0000	83

C:\Program Files\Microchip\xc8\v2.30\pic\sources\c90\common\awmod.c estimated size: 83

i2c.c
		_i2c_start     		CODE           	04E5	0000	10
		_recv_byte     		CODE           	056C	0000	23
		_i2c_stop      		CODE           	04BA	0000	7
		_i2c_wait      		CODE           	04EF	0000	12
		_write_byte    		CODE           	0509	0000	16

i2c.c estimated size: 68

mcc_generated_files/pin_manager.c
		_PIN_MANAGER_Initialize		CODE           	0555	0000	23

mcc_generated_files/pin_manager.c estimated size: 23

C:\Program Files\Microchip\xc8\v2.30\pic\sources\c90\common\Umul8.c
		___bmul        		CODE           	0540	0000	21

C:\Program Files\Microchip\xc8\v2.30\pic\sources\c90\common\Umul8.c estimated size: 21

C:\Program Files\Microchip\xc8\v2.30\pic\sources\c90\common\awdiv.c
		___awdiv       		CODE           	064F	0000	95

C:\Program Files\Microchip\xc8\v2.30\pic\sources\c90\common\awdiv.c estimated size: 95

shared
		__initialization		CODE           	07EB	0000	18

shared estimated size: 18

mcc_generated_files/mcc.c
		_WDT_Initialize		CODE           	04A9	0000	4
		_OSCILLATOR_Initialize		CODE           	04B3	0000	7
		_SYSTEM_Initialize		CODE           	04DB	0000	10

mcc_generated_files/mcc.c estimated size: 21

DS3231.c
		_read_dates    		CODE           	06AE	0000	98
		_bcd_2_decimal 		CODE           	052C	0000	20

DS3231.c estimated size: 118

main.c
		_main          		CODE           	0710	0000	106
		_rtc_display   		CODE           	077A	0000	113

main.c estimated size: 219

